#------------------------------------------------------------------------------------------------------------------------------------------
# RUN NUMBER: 1   DATE: 10:15:24 07-Jan-2020
# INVOKED AS: C:/Microsemi/Libero_SoC_v12.3/Designer/bin/libero.exe extended_run_lib.tcl -skip_open_project -root {E:\12.3_Designs\PF\DG0756_PCIe_EP\mpf_dg0756_df\Libero_Project\PCIe_EP_demo_EvalKit\Libero_Project\designer\top} -n 5 -starting_seed_index 6 -compare_criteria violations -analysis max -slack_criteria worst
#------------------------------------------------------------------------------------------------------------------------------------------
# Seed Index  Seed      Maximum Delay        Worst Slack  Report Analyzed                                Saved Design
# ==========  ========  ===============  ===============  =============================================  ===================================
           6         5    N/A                        0.750  top_timing_violations_max_r1_s6_a.rpt          top_r1_s6_a
           7         6    N/A                        1.175  top_timing_violations_max_r1_s7_a.rpt          top_r1_s7_a
           8         7    N/A                        0.274  top_timing_violations_max_r1_s8_a.rpt          top_r1_s8_a
           9         8    N/A                        0.820  top_timing_violations_max_r1_s9_a.rpt          top_r1_s9_a
          10         9    N/A                        1.138  top_timing_violations_max_r1_s10_a.rpt         top_r1_s10_a
  The best result top_r1_s7_a has been saved into the project.

#------------------------------------------------------------------------------------------------------------------------------------------
# RUN NUMBER: 2   DATE: 16:28:13 07-Jan-2020
# INVOKED AS: C:/Microsemi/Libero_SoC_v12.3/Designer/bin/libero.exe extended_run_lib.tcl -skip_open_project -root {E:\12.3_Designs\PF\DG0756_PCIe_EP\mpf_dg0756_df\Libero_Project\PCIe_EP_demo_EvalKit\Libero_Project\designer\top} -n 5 -starting_seed_index 11 -compare_criteria violations -analysis max -slack_criteria worst
#------------------------------------------------------------------------------------------------------------------------------------------
# Seed Index  Seed      Maximum Delay        Worst Slack  Report Analyzed                                Saved Design
# ==========  ========  ===============  ===============  =============================================  ===================================
          11        10    N/A                        0.936  top_timing_violations_max_r2_s11.rpt           top_r2_s11
          12        11    N/A                        0.730  top_timing_violations_max_r2_s12.rpt           top_r2_s12
          13        12    N/A                        0.928  top_timing_violations_max_r2_s13.rpt           top_r2_s13
          14        13    N/A                        0.742  top_timing_violations_max_r2_s14.rpt           top_r2_s14
          15        14    N/A                        0.801  top_timing_violations_max_r2_s15.rpt           top_r2_s15
  The best result top_r2_s11 has been saved into the project.

#------------------------------------------------------------------------------------------------------------------------------------------
# RUN NUMBER: 3   DATE: 09:03:37 05-Feb-2021
# INVOKED AS: C:/Microsemi/Libero_SoC_v12.6/Designer/bin/libero.exe extended_run_lib.tcl -skip_open_project -root {C:\WFH_Tasks\RTG4_v12.6_Updates\PF_v12.6\DG0756_PF_PCIe_EP\mpf_dg0756_df\Libero_Project\PCIe_EP_demo_EvalKit\Libero_Project\designer\top} -n 5 -starting_seed_index 16 -compare_criteria violations -analysis max -slack_criteria worst
#------------------------------------------------------------------------------------------------------------------------------------------
# Seed Index  Seed      Maximum Delay        Worst Slack  Report Analyzed                                Saved Design
# ==========  ========  ===============  ===============  =============================================  ===================================
          16        15    N/A                        1.341  top_timing_violations_max_r3_s16.rpt           top_r3_s16
          17        16    N/A                        1.031  top_timing_violations_max_r3_s17.rpt           top_r3_s17
          18        17    N/A                        0.819  top_timing_violations_max_r3_s18.rpt           top_r3_s18
          19        18    N/A                        1.162  top_timing_violations_max_r3_s19.rpt           top_r3_s19
          20        19    N/A                        1.231  top_timing_violations_max_r3_s20.rpt           top_r3_s20
  The best result top_r3_s16 has been saved into the project.

#------------------------------------------------------------------------------------------------------------------------------------------
# RUN NUMBER: 4   DATE: 22:31:28 21-Apr-2021
# INVOKED AS: D:/Microsemi/Designer/bin/libero.exe extended_run_lib.tcl -skip_open_project -root {D:\Projects\Oshawa_LiberoUpgrade\DG0756\mpf_dg0756_eval_df\mpf_dg0756_eval_df\Libero_Project\designer\top} -n 5 -starting_seed_index 21 -compare_criteria violations -analysis max -slack_criteria worst
#------------------------------------------------------------------------------------------------------------------------------------------
# Seed Index  Seed      Maximum Delay        Worst Slack  Report Analyzed                                Saved Design
# ==========  ========  ===============  ===============  =============================================  ===================================
          21        20    N/A                Layout failed  top_timing_violations_max_r4_s21.rpt           top_r4_s21
          22        21    N/A                Layout failed  top_timing_violations_max_r4_s22.rpt           top_r4_s22
          23        22    N/A                Layout failed  top_timing_violations_max_r4_s23.rpt           top_r4_s23
          24        23    N/A                Layout failed  top_timing_violations_max_r4_s24.rpt           top_r4_s24
          25        24    N/A                Layout failed  top_timing_violations_max_r4_s25.rpt           top_r4_s25
#------------------------------------------------------------------------------------------------------------------------------------------
# RUN NUMBER: 5   DATE: 22:38:05 21-Apr-2021
# INVOKED AS: D:/Microsemi/Designer/bin/libero.exe extended_run_lib.tcl -skip_open_project -root {D:\Projects\Oshawa_LiberoUpgrade\DG0756\mpf_dg0756_eval_df\mpf_dg0756_eval_df\Libero_Project\designer\top} -n 5 -starting_seed_index 26 -compare_criteria violations -analysis max -slack_criteria worst
#------------------------------------------------------------------------------------------------------------------------------------------
# Seed Index  Seed      Maximum Delay        Worst Slack  Report Analyzed                                Saved Design
# ==========  ========  ===============  ===============  =============================================  ===================================
          26        25    N/A                Layout failed  top_timing_violations_max_r5_s26.rpt           top_r5_s26
          27        26    N/A                Layout failed  top_timing_violations_max_r5_s27.rpt           top_r5_s27
          28        27    N/A                Layout failed  top_timing_violations_max_r5_s28.rpt           top_r5_s28
          29        28    N/A                Layout failed  top_timing_violations_max_r5_s29.rpt           top_r5_s29
          30        29    N/A                Layout failed  top_timing_violations_max_r5_s30.rpt           top_r5_s30
#------------------------------------------------------------------------------------------------------------------------------------------
# RUN NUMBER: 6   DATE: 22:46:34 21-Apr-2021
# INVOKED AS: D:/Microsemi/Designer/bin/libero.exe extended_run_lib.tcl -skip_open_project -root {D:\Projects\Oshawa_LiberoUpgrade\DG0756\mpf_dg0756_eval_df\mpf_dg0756_eval_df\Libero_Project\designer\top} -n 5 -starting_seed_index 31 -compare_criteria violations -analysis max -slack_criteria worst
#------------------------------------------------------------------------------------------------------------------------------------------
# Seed Index  Seed      Maximum Delay        Worst Slack  Report Analyzed                                Saved Design
# ==========  ========  ===============  ===============  =============================================  ===================================
          31        30    N/A                Layout failed  top_timing_violations_max_r6_s31.rpt           top_r6_s31
          32        31    N/A                Layout failed  top_timing_violations_max_r6_s32.rpt           top_r6_s32
          33        32    N/A                Layout failed  top_timing_violations_max_r6_s33.rpt           top_r6_s33
          34        33    N/A                Layout failed  top_timing_violations_max_r6_s34.rpt           top_r6_s34
          35        34    N/A                Layout failed  top_timing_violations_max_r6_s35.rpt           top_r6_s35
#------------------------------------------------------------------------------------------------------------------------------------------
# RUN NUMBER: 7   DATE: 23:22:58 21-Apr-2021
# INVOKED AS: D:/Microsemi/Designer/bin/libero.exe extended_run_lib.tcl -skip_open_project -root {D:\Projects\Oshawa_LiberoUpgrade\DG0756\mpf_dg0756_eval_df\mpf_dg0756_eval_df\Libero_Project\designer\top} -n 5 -starting_seed_index 36 -compare_criteria violations -analysis max -slack_criteria worst
#------------------------------------------------------------------------------------------------------------------------------------------
# Seed Index  Seed      Maximum Delay        Worst Slack  Report Analyzed                                Saved Design
# ==========  ========  ===============  ===============  =============================================  ===================================
          36        35    N/A                        0.726  top_timing_violations_max_r7_s36.rpt           top_r7_s36
          37        36    N/A                        0.862  top_timing_violations_max_r7_s37.rpt           top_r7_s37
          38        37    N/A                        0.648  top_timing_violations_max_r7_s38.rpt           top_r7_s38
          39        38    N/A                        0.628  top_timing_violations_max_r7_s39.rpt           top_r7_s39
  The best result top_r7_s37 has been saved into the project.

#------------------------------------------------------------------------------------------------------------------------------------------
# RUN NUMBER: 8   DATE: 10:35:53 25-Apr-2021
# INVOKED AS: E:/Program/Libero 12.6/Designer/bin/libero.exe extended_run_lib.tcl -skip_open_project -root {E:\Project\Oshawa\Libero_Project_work\Libero_Project\designer\top} -n 5 -starting_seed_index 41 -compare_criteria violations -analysis max -slack_criteria worst
#------------------------------------------------------------------------------------------------------------------------------------------
# Seed Index  Seed      Maximum Delay        Worst Slack  Report Analyzed                                Saved Design
# ==========  ========  ===============  ===============  =============================================  ===================================
          41        40    N/A                Layout failed  top_timing_violations_max_r8_s41.rpt           top_r8_s41
          42        41    N/A                Layout failed  top_timing_violations_max_r8_s42.rpt           top_r8_s42
          43        42    N/A                Layout failed  top_timing_violations_max_r8_s43.rpt           top_r8_s43
          44        43    N/A                Layout failed  top_timing_violations_max_r8_s44.rpt           top_r8_s44
          45        44    N/A               Layout aborted  top_timing_violations_max_r8_s45.rpt           top_r8_s45
#------------------------------------------------------------------------------------------------------------------------------------------
# RUN NUMBER: 9   DATE: 10:40:34 25-Apr-2021
# INVOKED AS: E:/Program/Libero 12.6/Designer/bin/libero.exe extended_run_lib.tcl -skip_open_project -root {E:\Project\Oshawa\Libero_Project_work\Libero_Project\designer\top} -n 5 -starting_seed_index 46 -compare_criteria violations -analysis max -slack_criteria worst
#------------------------------------------------------------------------------------------------------------------------------------------
# Seed Index  Seed      Maximum Delay        Worst Slack  Report Analyzed                                Saved Design
# ==========  ========  ===============  ===============  =============================================  ===================================
          46        45    N/A                Layout failed  top_timing_violations_max_r9_s46.rpt           top_r9_s46
          47        46    N/A                Layout failed  top_timing_violations_max_r9_s47.rpt           top_r9_s47
          48        47    N/A                Layout failed  top_timing_violations_max_r9_s48.rpt           top_r9_s48
          49        48    N/A                Layout failed  top_timing_violations_max_r9_s49.rpt           top_r9_s49
          50        49    N/A                Layout failed  top_timing_violations_max_r9_s50.rpt           top_r9_s50
#------------------------------------------------------------------------------------------------------------------------------------------
# RUN NUMBER: 10   DATE: 10:47:54 25-Apr-2021
# INVOKED AS: E:/Program/Libero 12.6/Designer/bin/libero.exe extended_run_lib.tcl -skip_open_project -root {E:\Project\Oshawa\Libero_Project_work\Libero_Project\designer\top} -n 5 -starting_seed_index 51 -compare_criteria violations -analysis max -slack_criteria worst
#------------------------------------------------------------------------------------------------------------------------------------------
# Seed Index  Seed      Maximum Delay        Worst Slack  Report Analyzed                                Saved Design
# ==========  ========  ===============  ===============  =============================================  ===================================
          51        50    N/A                Layout failed  top_timing_violations_max_r10_s51.rpt          top_r10_s51
          52        51    N/A                Layout failed  top_timing_violations_max_r10_s52.rpt          top_r10_s52
          53        52    N/A                Layout failed  top_timing_violations_max_r10_s53.rpt          top_r10_s53
          54        53    N/A                Layout failed  top_timing_violations_max_r10_s54.rpt          top_r10_s54
          55        54    N/A                Layout failed  top_timing_violations_max_r10_s55.rpt          top_r10_s55
#------------------------------------------------------------------------------------------------------------------------------------------
# RUN NUMBER: 11   DATE: 11:50:21 25-Apr-2021
# INVOKED AS: E:/Program/Libero 12.6/Designer/bin/libero.exe extended_run_lib.tcl -skip_open_project -root {E:\Project\Oshawa\Libero_Project_work\Libero_Project\designer\top} -n 5 -starting_seed_index 56 -compare_criteria violations -analysis max -slack_criteria worst
#------------------------------------------------------------------------------------------------------------------------------------------
# Seed Index  Seed      Maximum Delay        Worst Slack  Report Analyzed                                Saved Design
# ==========  ========  ===============  ===============  =============================================  ===================================
          56        55    N/A                        0.730  top_timing_violations_max_r11_s56.rpt          top_r11_s56
          57        56    N/A                        0.411  top_timing_violations_max_r11_s57.rpt          top_r11_s57
          58        57    N/A                        0.760  top_timing_violations_max_r11_s58.rpt          top_r11_s58
          59        58    N/A                        0.631  top_timing_violations_max_r11_s59.rpt          top_r11_s59
          60        59    N/A                        0.186  top_timing_violations_max_r11_s60.rpt          top_r11_s60
  The best result top_r11_s58 has been saved into the project.

#------------------------------------------------------------------------------------------------------------------------------------------
# RUN NUMBER: 12   DATE: 15:08:12 25-Apr-2021
# INVOKED AS: E:/Program/Libero 12.6/Designer/bin/libero.exe extended_run_lib.tcl -skip_open_project -root {E:\Project\Oshawa\Libero_Project_work\Libero_Project\designer\top} -n 5 -starting_seed_index 61 -compare_criteria violations -analysis max -slack_criteria worst
#------------------------------------------------------------------------------------------------------------------------------------------
# Seed Index  Seed      Maximum Delay        Worst Slack  Report Analyzed                                Saved Design
# ==========  ========  ===============  ===============  =============================================  ===================================
          61        60    N/A                        0.137  top_timing_violations_max_r12_s61.rpt          top_r12_s61
          62        61    N/A                        0.808  top_timing_violations_max_r12_s62.rpt          top_r12_s62
          63        62    N/A                        0.661  top_timing_violations_max_r12_s63.rpt          top_r12_s63
          64        63    N/A                        0.795  top_timing_violations_max_r12_s64.rpt          top_r12_s64
          65        64    N/A                        0.607  top_timing_violations_max_r12_s65.rpt          top_r12_s65
  The best result top_r12_s62 has been saved into the project.

#------------------------------------------------------------------------------------------------------------------------------------------
# RUN NUMBER: 13   DATE: 11:23:46 29-Apr-2021
# INVOKED AS: C:/Microsemi/Libero_SoC_v12.6/Designer/bin/libero.exe extended_run_lib.tcl -skip_open_project -root {C:\Users\test\Desktop\Projects\DG0756_MPF300_SOM3_PCIE_IO_12P6\Libero_Project\designer\top} -n 5 -starting_seed_index 66 -compare_criteria violations -analysis max -slack_criteria worst
#------------------------------------------------------------------------------------------------------------------------------------------
# Seed Index  Seed      Maximum Delay        Worst Slack  Report Analyzed                                Saved Design
# ==========  ========  ===============  ===============  =============================================  ===================================
          66        65    N/A                Layout failed  top_timing_violations_max_r13_s66.rpt          top_r13_s66
          67        66    N/A                Layout failed  top_timing_violations_max_r13_s67.rpt          top_r13_s67
          68        67    N/A                Layout failed  top_timing_violations_max_r13_s68.rpt          top_r13_s68
          69        68    N/A                Layout failed  top_timing_violations_max_r13_s69.rpt          top_r13_s69
          70        69    N/A                Layout failed  top_timing_violations_max_r13_s70.rpt          top_r13_s70
#------------------------------------------------------------------------------------------------------------------------------------------
# RUN NUMBER: 14   DATE: 12:38:49 29-Apr-2021
# INVOKED AS: C:/Microsemi/Libero_SoC_v12.6/Designer/bin/libero.exe extended_run_lib.tcl -skip_open_project -root {C:\Users\test\Desktop\Projects\DG0756_MPF300_SOM3_PCIE_IO_12P6\Libero_Project\designer\top} -n 5 -starting_seed_index 71 -compare_criteria violations -analysis max -slack_criteria worst
#------------------------------------------------------------------------------------------------------------------------------------------
# Seed Index  Seed      Maximum Delay        Worst Slack  Report Analyzed                                Saved Design
# ==========  ========  ===============  ===============  =============================================  ===================================
          71        70    N/A                        0.829  top_timing_violations_max_r14_s71.rpt          top_r14_s71
          72        71    N/A                        0.831  top_timing_violations_max_r14_s72.rpt          top_r14_s72
          73        72    N/A                        0.458  top_timing_violations_max_r14_s73.rpt          top_r14_s73
          74        73    N/A                        0.578  top_timing_violations_max_r14_s74.rpt          top_r14_s74
          75        74    N/A                        1.014  top_timing_violations_max_r14_s75.rpt          top_r14_s75
  The best result top_r14_s75 has been saved into the project.

#------------------------------------------------------------------------------------------------------------------------------------------
# RUN NUMBER: 15   DATE: 03:52:39 05-May-2021
# INVOKED AS: C:/Microsemi/Libero_SoC_v12.6/Designer/bin/libero.exe extended_run_lib.tcl -skip_open_project -root {C:\Users\test\Desktop\Projects\SoM3_TEST\DG0756_MPF300_SOM3_PCIE_IO_12P6\Libero_Project\designer\top} -n 5 -starting_seed_index 76 -compare_criteria violations -analysis max -slack_criteria worst
#------------------------------------------------------------------------------------------------------------------------------------------
# Seed Index  Seed      Maximum Delay        Worst Slack  Report Analyzed                                Saved Design
# ==========  ========  ===============  ===============  =============================================  ===================================
          76        75    N/A                        0.231  top_timing_violations_max_r15_s76.rpt          top_r15_s76
          77        76    N/A                        0.521  top_timing_violations_max_r15_s77.rpt          top_r15_s77
          78        77    N/A                        0.933  top_timing_violations_max_r15_s78.rpt          top_r15_s78
          79        78    N/A                        0.744  top_timing_violations_max_r15_s79.rpt          top_r15_s79
          80        79    N/A                        0.698  top_timing_violations_max_r15_s80.rpt          top_r15_s80
  The best result top_r15_s78 has been saved into the project.

#------------------------------------------------------------------------------------------------------------------------------------------
# RUN NUMBER: 16   DATE: 10:27:36 05-May-2021
# INVOKED AS: C:/Microsemi/Libero_SoC_v12.6/Designer/bin/libero.exe extended_run_lib.tcl -skip_open_project -root {C:\Users\test\Desktop\Projects\SoM3_TEST\DG0756_MPF300TS_SOM3_PCIE_IO_12P6\Libero_Project\designer\top} -n 5 -starting_seed_index 81 -compare_criteria violations -analysis max -slack_criteria worst
#------------------------------------------------------------------------------------------------------------------------------------------
# Seed Index  Seed      Maximum Delay        Worst Slack  Report Analyzed                                Saved Design
# ==========  ========  ===============  ===============  =============================================  ===================================
          81        80    N/A                        0.764  top_timing_violations_max_r16_s81.rpt          top_r16_s81
          82        81    N/A                        1.131  top_timing_violations_max_r16_s82.rpt          top_r16_s82
          83        82    N/A                        0.595  top_timing_violations_max_r16_s83.rpt          top_r16_s83
          84        83    N/A                        0.627  top_timing_violations_max_r16_s84.rpt          top_r16_s84
          85        84    N/A                        0.971  top_timing_violations_max_r16_s85.rpt          top_r16_s85
  The best result top_r16_s82 has been saved into the project.

#------------------------------------------------------------------------------------------------------------------------------------------
# RUN NUMBER: 17   DATE: 05:39:28 20-Jul-2021
# INVOKED AS: C:/Microsemi/Libero_SoC_v12.6/Designer/bin/libero.exe extended_run_lib.tcl -skip_open_project -root {C:\Users\test\Desktop\Projects\SoM3_TEST\DG0756_MPF300_SOM3_PCIE_IO_12P6_orig\Libero_Project\designer\top} -n 5 -starting_seed_index 86 -compare_criteria violations -analysis max -slack_criteria worst
#------------------------------------------------------------------------------------------------------------------------------------------
# Seed Index  Seed      Maximum Delay        Worst Slack  Report Analyzed                                Saved Design
# ==========  ========  ===============  ===============  =============================================  ===================================
          86        85    N/A                        0.825  top_timing_violations_max_r17_s86.rpt          top_r17_s86
          87        86    N/A                        0.731  top_timing_violations_max_r17_s87.rpt          top_r17_s87
          88        87    N/A                        0.710  top_timing_violations_max_r17_s88.rpt          top_r17_s88
          89        88    N/A                        1.106  top_timing_violations_max_r17_s89.rpt          top_r17_s89
          90        89    N/A                        0.845  top_timing_violations_max_r17_s90.rpt          top_r17_s90
  The best result top_r17_s89 has been saved into the project.

#------------------------------------------------------------------------------------------------------------------------------------------
# RUN NUMBER: 18   DATE: 08:01:06 20-Jul-2021
# INVOKED AS: C:/Microsemi/Libero_SoC_v12.6/Designer/bin/libero.exe extended_run_lib.tcl -skip_open_project -root {C:\Users\test\Desktop\Projects\SoM3_TEST\DG0756_MPF300_SOM3_PCIE_IO_12P6_orig\Libero_Project\designer\top} -n 5 -starting_seed_index 91 -compare_criteria violations -analysis max -slack_criteria worst
#------------------------------------------------------------------------------------------------------------------------------------------
# Seed Index  Seed      Maximum Delay        Worst Slack  Report Analyzed                                Saved Design
# ==========  ========  ===============  ===============  =============================================  ===================================
          91        90    N/A                        0.735  top_timing_violations_max_r18_s91.rpt          top_r18_s91
          92        91    N/A                        0.481  top_timing_violations_max_r18_s92.rpt          top_r18_s92
          93        92    N/A                        0.585  top_timing_violations_max_r18_s93.rpt          top_r18_s93
          94        93    N/A                        0.747  top_timing_violations_max_r18_s94.rpt          top_r18_s94
          95        94    N/A                        0.709  top_timing_violations_max_r18_s95.rpt          top_r18_s95
  The best result top_r18_s94 has been saved into the project.

#------------------------------------------------------------------------------------------------------------------------------------------
# RUN NUMBER: 19   DATE: 08:17:11 21-Jul-2021
# INVOKED AS: C:/Microsemi/Libero_SoC_v12.6/Designer/bin/libero.exe extended_run_lib.tcl -skip_open_project -root {C:\Users\test\Desktop\Projects\SoM3_TEST\DG0756_MPF300_SOM3_PCIE_IO_12P6_orig\Libero_Project\designer\top} -n 5 -starting_seed_index 96 -compare_criteria violations -analysis max -slack_criteria worst
#------------------------------------------------------------------------------------------------------------------------------------------
# Seed Index  Seed      Maximum Delay        Worst Slack  Report Analyzed                                Saved Design
# ==========  ========  ===============  ===============  =============================================  ===================================
          96        95    N/A                        0.892  top_timing_violations_max_r19_s96.rpt          top_r19_s96
          97        96    N/A                        0.868  top_timing_violations_max_r19_s97.rpt          top_r19_s97
          98        97    N/A                        0.880  top_timing_violations_max_r19_s98.rpt          top_r19_s98
          99        98    N/A                        0.857  top_timing_violations_max_r19_s99.rpt          top_r19_s99
         100        99    N/A                        0.966  top_timing_violations_max_r19_s100.rpt         top_r19_s100
  The best result top_r19_s100 has been saved into the project.

#------------------------------------------------------------------------------------------------------------------------------------------
# RUN NUMBER: 20   DATE: 13:02:21 22-Jul-2021
# INVOKED AS: C:/Microsemi/Libero_SoC_v12.6/Designer/bin/libero.exe extended_run_lib.tcl -skip_open_project -root {C:\Users\test\Desktop\Projects\SoM3_TEST\DG0756_MPF300_SOM3_PCIE_IO_12P6_orig\Libero_Project\designer\top} -n 5 -starting_seed_index 101 -compare_criteria violations -analysis max -slack_criteria worst
#------------------------------------------------------------------------------------------------------------------------------------------
# Seed Index  Seed      Maximum Delay        Worst Slack  Report Analyzed                                Saved Design
# ==========  ========  ===============  ===============  =============================================  ===================================
         101       100    N/A                        0.990  top_timing_violations_max_r20_s101.rpt         top_r20_s101
           1         0    N/A                        0.990  top_timing_violations_max_r20_s1.rpt           top_r20_s1
           2         1    N/A                        0.997  top_timing_violations_max_r20_s2.rpt           top_r20_s2
           3         2    N/A                        0.782  top_timing_violations_max_r20_s3.rpt           top_r20_s3
           4         3    N/A                        0.637  top_timing_violations_max_r20_s4.rpt           top_r20_s4
  The best result top_r20_s2 has been saved into the project.

#------------------------------------------------------------------------------------------------------------------------------------------
# RUN NUMBER: 21   DATE: 07:58:18 23-Jul-2021
# INVOKED AS: C:/Microsemi/Libero_SoC_v12.6/Designer/bin/libero.exe extended_run_lib.tcl -skip_open_project -root {C:\Users\test\Desktop\Projects\SoM3_TEST\DG0756_MPF300_SOM3_PCIE_IO_12P6_orig\Libero_Project\designer\top} -n 5 -starting_seed_index 5 -compare_criteria violations -analysis max -slack_criteria worst
#------------------------------------------------------------------------------------------------------------------------------------------
# Seed Index  Seed      Maximum Delay        Worst Slack  Report Analyzed                                Saved Design
# ==========  ========  ===============  ===============  =============================================  ===================================
           5         4    N/A                        0.965  top_timing_violations_max_r21_s5.rpt           top_r21_s5
           6         5    N/A                        1.005  top_timing_violations_max_r21_s6.rpt           top_r21_s6
           7         6    N/A                        0.929  top_timing_violations_max_r21_s7.rpt           top_r21_s7
           8         7    N/A                        1.036  top_timing_violations_max_r21_s8.rpt           top_r21_s8
           9         8    N/A                        0.996  top_timing_violations_max_r21_s9.rpt           top_r21_s9
  The best result top_r21_s8 has been saved into the project.

#------------------------------------------------------------------------------------------------------------------------------------------
# RUN NUMBER: 22   DATE: 13:22:55 25-Jul-2021
# INVOKED AS: C:/Microsemi/Libero_SoC_v12.6/Designer/bin/libero.exe extended_run_lib.tcl -skip_open_project -root {C:\Users\test\Desktop\Projects\SoM3_TEST\DG0756_MPF300_SOM3_PCIE_IO_12P6_orig\Libero_Project\designer\top} -n 5 -starting_seed_index 10 -compare_criteria violations -analysis max -slack_criteria worst
#------------------------------------------------------------------------------------------------------------------------------------------
# Seed Index  Seed      Maximum Delay        Worst Slack  Report Analyzed                                Saved Design
# ==========  ========  ===============  ===============  =============================================  ===================================
          10         9    N/A                Layout failed  top_timing_violations_max_r22_s10.rpt          top_r22_s10
          11        10    N/A                Layout failed  top_timing_violations_max_r22_s11.rpt          top_r22_s11
          12        11    N/A                Layout failed  top_timing_violations_max_r22_s12.rpt          top_r22_s12
          13        12    N/A                Layout failed  top_timing_violations_max_r22_s13.rpt          top_r22_s13
          14        13    N/A                Layout failed  top_timing_violations_max_r22_s14.rpt          top_r22_s14
#------------------------------------------------------------------------------------------------------------------------------------------
# RUN NUMBER: 23   DATE: 13:56:54 25-Jul-2021
# INVOKED AS: C:/Microsemi/Libero_SoC_v12.6/Designer/bin/libero.exe extended_run_lib.tcl -skip_open_project -root {C:\Users\test\Desktop\Projects\SoM3_TEST\DG0756_MPF300_SOM3_PCIE_IO_12P6_orig\Libero_Project\designer\top} -n 5 -starting_seed_index 15 -compare_criteria violations -analysis max -slack_criteria worst
#------------------------------------------------------------------------------------------------------------------------------------------
# Seed Index  Seed      Maximum Delay        Worst Slack  Report Analyzed                                Saved Design
# ==========  ========  ===============  ===============  =============================================  ===================================
          15        14    N/A                Layout failed  top_timing_violations_max_r23_s15.rpt          top_r23_s15
          16        15    N/A                Layout failed  top_timing_violations_max_r23_s16.rpt          top_r23_s16
          17        16    N/A                Layout failed  top_timing_violations_max_r23_s17.rpt          top_r23_s17
          18        17    N/A                Layout failed  top_timing_violations_max_r23_s18.rpt          top_r23_s18
          19        18    N/A                Layout failed  top_timing_violations_max_r23_s19.rpt          top_r23_s19
#------------------------------------------------------------------------------------------------------------------------------------------
# RUN NUMBER: 24   DATE: 14:03:25 25-Jul-2021
# INVOKED AS: C:/Microsemi/Libero_SoC_v12.6/Designer/bin/libero.exe extended_run_lib.tcl -skip_open_project -root {C:\Users\test\Desktop\Projects\SoM3_TEST\DG0756_MPF300_SOM3_PCIE_IO_12P6_orig\Libero_Project\designer\top} -n 5 -starting_seed_index 20 -compare_criteria violations -analysis max -slack_criteria worst
#------------------------------------------------------------------------------------------------------------------------------------------
# Seed Index  Seed      Maximum Delay        Worst Slack  Report Analyzed                                Saved Design
# ==========  ========  ===============  ===============  =============================================  ===================================
          20        19    N/A                        0.579  top_timing_violations_max_r24_s20.rpt          top_r24_s20
          21        20    N/A                        0.740  top_timing_violations_max_r24_s21.rpt          top_r24_s21
          22        21    N/A                        0.465  top_timing_violations_max_r24_s22.rpt          top_r24_s22
          23        22    N/A                        0.797  top_timing_violations_max_r24_s23.rpt          top_r24_s23
          24        23    N/A                        0.732  top_timing_violations_max_r24_s24.rpt          top_r24_s24
  The best result top_r24_s23 has been saved into the project.

#------------------------------------------------------------------------------------------------------------------------------------------
# RUN NUMBER: 25   DATE: 12:13:36 04-Aug-2021
# INVOKED AS: C:/Microsemi/Libero_SoC_v12.6/Designer/bin/libero.exe extended_run_lib.tcl -skip_open_project -root {C:\Users\test\Desktop\Projects\SE215_SoM3_PCIE_DDR_FMC_JC\MPF300TS_Sources\designer\top} -n 5 -starting_seed_index 25 -compare_criteria violations -analysis max -slack_criteria worst
#------------------------------------------------------------------------------------------------------------------------------------------
# Seed Index  Seed      Maximum Delay        Worst Slack  Report Analyzed                                Saved Design
# ==========  ========  ===============  ===============  =============================================  ===================================
          25        24    N/A                        0.858  top_timing_violations_max_r25_s25.rpt          top_r25_s25
          26        25    N/A                        0.899  top_timing_violations_max_r25_s26.rpt          top_r25_s26
          27        26    N/A                        0.753  top_timing_violations_max_r25_s27.rpt          top_r25_s27
          28        27    N/A                        1.033  top_timing_violations_max_r25_s28.rpt          top_r25_s28
          29        28    N/A                        0.888  top_timing_violations_max_r25_s29.rpt          top_r25_s29
  The best result top_r25_s28 has been saved into the project.

#------------------------------------------------------------------------------------------------------------------------------------------
# RUN NUMBER: 26   DATE: 06:23:46 10-Aug-2021
# INVOKED AS: C:/Microsemi/Libero_SoC_v12.6/Designer/bin/libero.exe extended_run_lib.tcl -skip_open_project -root {C:\Users\test\Desktop\Projects\SE215_SoM3_PCIE_DDR_FMC_JC\MPF300TS_Sources\designer\top} -n 5 -starting_seed_index 30 -compare_criteria violations -analysis max -slack_criteria worst
#------------------------------------------------------------------------------------------------------------------------------------------
# Seed Index  Seed      Maximum Delay        Worst Slack  Report Analyzed                                Saved Design
# ==========  ========  ===============  ===============  =============================================  ===================================
          30        29    N/A                        0.834  top_timing_violations_max_r26_s30.rpt          top_r26_s30
          31        30    N/A                        1.045  top_timing_violations_max_r26_s31.rpt          top_r26_s31
          32        31    N/A                        0.957  top_timing_violations_max_r26_s32.rpt          top_r26_s32
          33        32    N/A                        0.834  top_timing_violations_max_r26_s33.rpt          top_r26_s33
          34        33    N/A                        1.045  top_timing_violations_max_r26_s34.rpt          top_r26_s34
  The best result top_r26_s31 has been saved into the project.

#------------------------------------------------------------------------------------------------------------------------------------------
# RUN NUMBER: 27   DATE: 21:54:20 08-Sep-2021
# INVOKED AS: D:/Microsemi/Designer/bin/libero.exe extended_run_lib.tcl -skip_open_project -root {C:\Users\sergey.dydykin\Desktop\SoM3_test_package\MPF100T_Sources_wo_DDR_extclk\designer\top} -n 5 -starting_seed_index 35 -compare_criteria violations -analysis max -slack_criteria worst
#------------------------------------------------------------------------------------------------------------------------------------------
# Seed Index  Seed      Maximum Delay        Worst Slack  Report Analyzed                                Saved Design
# ==========  ========  ===============  ===============  =============================================  ===================================
          35        34    N/A                Layout failed  top_timing_violations_max_r27_s35.rpt          top_r27_s35
          36        35    N/A                Layout failed  top_timing_violations_max_r27_s36.rpt          top_r27_s36
          37        36    N/A                Layout failed  top_timing_violations_max_r27_s37.rpt          top_r27_s37
          38        37    N/A                Layout failed  top_timing_violations_max_r27_s38.rpt          top_r27_s38
          39        38    N/A                Layout failed  top_timing_violations_max_r27_s39.rpt          top_r27_s39
#------------------------------------------------------------------------------------------------------------------------------------------
# RUN NUMBER: 28   DATE: 21:56:34 08-Sep-2021
# INVOKED AS: D:/Microsemi/Designer/bin/libero.exe extended_run_lib.tcl -skip_open_project -root {C:\Users\sergey.dydykin\Desktop\SoM3_test_package\MPF100T_Sources_wo_DDR_extclk\designer\top} -n 5 -starting_seed_index 40 -compare_criteria violations -analysis max -slack_criteria worst
#------------------------------------------------------------------------------------------------------------------------------------------
# Seed Index  Seed      Maximum Delay        Worst Slack  Report Analyzed                                Saved Design
# ==========  ========  ===============  ===============  =============================================  ===================================
          40        39    N/A                Layout failed  top_timing_violations_max_r28_s40.rpt          top_r28_s40
          41        40    N/A                Layout failed  top_timing_violations_max_r28_s41.rpt          top_r28_s41
          42        41    N/A                Layout failed  top_timing_violations_max_r28_s42.rpt          top_r28_s42
          43        42    N/A                Layout failed  top_timing_violations_max_r28_s43.rpt          top_r28_s43
          44        43    N/A                Layout failed  top_timing_violations_max_r28_s44.rpt          top_r28_s44
#------------------------------------------------------------------------------------------------------------------------------------------
# RUN NUMBER: 29   DATE: 22:05:54 08-Sep-2021
# INVOKED AS: D:/Microsemi/Designer/bin/libero.exe extended_run_lib.tcl -skip_open_project -root {C:\Users\sergey.dydykin\Desktop\SoM3_test_package\MPF100T_Sources_wo_DDR_extclk\designer\top} -n 5 -starting_seed_index 45 -compare_criteria violations -analysis max -slack_criteria worst
#------------------------------------------------------------------------------------------------------------------------------------------
# Seed Index  Seed      Maximum Delay        Worst Slack  Report Analyzed                                Saved Design
# ==========  ========  ===============  ===============  =============================================  ===================================
          45        44    N/A               Compare failed  top_timing_violations_max_r29_s45.rpt          top_r29_s45
          46        45    N/A               Compare failed  top_timing_violations_max_r29_s46.rpt          top_r29_s46
          47        46    N/A               Compare failed  top_timing_violations_max_r29_s47.rpt          top_r29_s47
          48        47    N/A               Compare failed  top_timing_violations_max_r29_s48.rpt          top_r29_s48
          49        48    N/A               Compare failed  top_timing_violations_max_r29_s49.rpt          top_r29_s49
#------------------------------------------------------------------------------------------------------------------------------------------
# RUN NUMBER: 30   DATE: 22:23:37 08-Sep-2021
# INVOKED AS: D:/Microsemi/Designer/bin/libero.exe extended_run_lib.tcl -skip_open_project -root {C:\Users\sergey.dydykin\Desktop\SoM3_test_package\MPF100T_Sources_wo_DDR_extclk\designer\top} -n 5 -starting_seed_index 50 -compare_criteria violations -analysis max -slack_criteria worst
#------------------------------------------------------------------------------------------------------------------------------------------
# Seed Index  Seed      Maximum Delay        Worst Slack  Report Analyzed                                Saved Design
# ==========  ========  ===============  ===============  =============================================  ===================================
          50        49    N/A               Compare failed  top_timing_violations_max_r30_s50.rpt          top_r30_s50
          51        50    N/A               Compare failed  top_timing_violations_max_r30_s51.rpt          top_r30_s51
          52        51    N/A               Compare failed  top_timing_violations_max_r30_s52.rpt          top_r30_s52
          53        52    N/A               Compare failed  top_timing_violations_max_r30_s53.rpt          top_r30_s53
          54        53    N/A               Compare failed  top_timing_violations_max_r30_s54.rpt          top_r30_s54
#------------------------------------------------------------------------------------------------------------------------------------------
# RUN NUMBER: 31   DATE: 12:25:58 09-Sep-2021
# INVOKED AS: D:/Microsemi/Designer/bin/libero.exe extended_run_lib.tcl -skip_open_project -root {C:\Users\sergey.dydykin\Desktop\SoM3_test_package\MPF100T_Sources_wo_DDR_extclk\designer\top} -n 5 -starting_seed_index 55 -compare_criteria violations -analysis max -slack_criteria worst
#------------------------------------------------------------------------------------------------------------------------------------------
# Seed Index  Seed      Maximum Delay        Worst Slack  Report Analyzed                                Saved Design
# ==========  ========  ===============  ===============  =============================================  ===================================
          55        54    N/A               Compare failed  top_timing_violations_max_r31_s55.rpt          top_r31_s55
          56        55    N/A               Compare failed  top_timing_violations_max_r31_s56.rpt          top_r31_s56
          57        56    N/A               Compare failed  top_timing_violations_max_r31_s57.rpt          top_r31_s57
          58        57    N/A               Compare failed  top_timing_violations_max_r31_s58.rpt          top_r31_s58
          59        58    N/A               Compare failed  top_timing_violations_max_r31_s59.rpt          top_r31_s59
#------------------------------------------------------------------------------------------------------------------------------------------
# RUN NUMBER: 32   DATE: 20:47:29 09-Sep-2021
# INVOKED AS: D:/Microsemi/Designer/bin/libero.exe extended_run_lib.tcl -skip_open_project -root {C:\Users\sergey.dydykin\Desktop\SoM3_test_package\MPF100T_Sources_wo_DDR_wo_JC\designer\top} -n 5 -starting_seed_index 60 -compare_criteria violations -analysis max -slack_criteria worst
#------------------------------------------------------------------------------------------------------------------------------------------
# Seed Index  Seed      Maximum Delay        Worst Slack  Report Analyzed                                Saved Design
# ==========  ========  ===============  ===============  =============================================  ===================================
          60        59    N/A                Layout failed  top_timing_violations_max_r32_s60.rpt          top_r32_s60
          61        60    N/A                Layout failed  top_timing_violations_max_r32_s61.rpt          top_r32_s61
          62        61    N/A                Layout failed  top_timing_violations_max_r32_s62.rpt          top_r32_s62
          63        62    N/A                Layout failed  top_timing_violations_max_r32_s63.rpt          top_r32_s63
          64        63    N/A                Layout failed  top_timing_violations_max_r32_s64.rpt          top_r32_s64
#------------------------------------------------------------------------------------------------------------------------------------------
# RUN NUMBER: 33   DATE: 20:50:14 09-Sep-2021
# INVOKED AS: D:/Microsemi/Designer/bin/libero.exe extended_run_lib.tcl -skip_open_project -root {C:\Users\sergey.dydykin\Desktop\SoM3_test_package\MPF100T_Sources_wo_DDR_wo_JC\designer\top} -n 5 -starting_seed_index 65 -compare_criteria violations -analysis max -slack_criteria worst
#------------------------------------------------------------------------------------------------------------------------------------------
# Seed Index  Seed      Maximum Delay        Worst Slack  Report Analyzed                                Saved Design
# ==========  ========  ===============  ===============  =============================================  ===================================
          65        64    N/A               Compare failed  top_timing_violations_max_r33_s65.rpt          top_r33_s65
          66        65    N/A               Compare failed  top_timing_violations_max_r33_s66.rpt          top_r33_s66
          67        66    N/A               Compare failed  top_timing_violations_max_r33_s67.rpt          top_r33_s67
          68        67    N/A               Compare failed  top_timing_violations_max_r33_s68.rpt          top_r33_s68
          69        68    N/A               Compare failed  top_timing_violations_max_r33_s69.rpt          top_r33_s69
#------------------------------------------------------------------------------------------------------------------------------------------
# RUN NUMBER: 34   DATE: 09:41:22 10-Sep-2021
# INVOKED AS: D:/Microsemi/Designer/bin/libero.exe extended_run_lib.tcl -skip_open_project -root {C:\Users\sergey.dydykin\Desktop\SoM3_test_package\MPF100T_Sources_wo_DDR_wo_JC\designer\top} -n 5 -starting_seed_index 70 -compare_criteria violations -analysis max -slack_criteria worst
#------------------------------------------------------------------------------------------------------------------------------------------
# Seed Index  Seed      Maximum Delay        Worst Slack  Report Analyzed                                Saved Design
# ==========  ========  ===============  ===============  =============================================  ===================================
          70        69    N/A               Layout aborted  top_timing_violations_max_r34_s70.rpt          top_r34_s70
#------------------------------------------------------------------------------------------------------------------------------------------
# RUN NUMBER: 35   DATE: 09:41:39 10-Sep-2021
# INVOKED AS: D:/Microsemi/Designer/bin/libero.exe extended_run_lib.tcl -skip_open_project -root {C:\Users\sergey.dydykin\Desktop\SoM3_test_package\MPF100T_Sources_wo_DDR_wo_JC\designer\top} -n 5 -starting_seed_index 71 -compare_criteria violations -analysis max -slack_criteria worst
#------------------------------------------------------------------------------------------------------------------------------------------
# Seed Index  Seed      Maximum Delay        Worst Slack  Report Analyzed                                Saved Design
# ==========  ========  ===============  ===============  =============================================  ===================================
          71        70    N/A               Compare failed  top_timing_violations_max_r35_s71.rpt          top_r35_s71
          72        71    N/A               Compare failed  top_timing_violations_max_r35_s72.rpt          top_r35_s72
          73        72    N/A               Compare failed  top_timing_violations_max_r35_s73.rpt          top_r35_s73
          74        73    N/A               Compare failed  top_timing_violations_max_r35_s74.rpt          top_r35_s74
          75        74    N/A               Compare failed  top_timing_violations_max_r35_s75.rpt          top_r35_s75
#------------------------------------------------------------------------------------------------------------------------------------------
# RUN NUMBER: 36   DATE: 11:36:13 10-Sep-2021
# INVOKED AS: D:/Microsemi/Designer/bin/libero.exe extended_run_lib.tcl -skip_open_project -root {C:\Users\sergey.dydykin\Desktop\SoM3_test_package\MPF100T_Sources_wo_DDR_wo_JC\designer\top} -n 5 -starting_seed_index 76 -compare_criteria violations -analysis max -slack_criteria worst
#------------------------------------------------------------------------------------------------------------------------------------------
# Seed Index  Seed      Maximum Delay        Worst Slack  Report Analyzed                                Saved Design
# ==========  ========  ===============  ===============  =============================================  ===================================
          76        75    N/A               Layout aborted  top_timing_violations_max_r36_s76.rpt          top_r36_s76
#------------------------------------------------------------------------------------------------------------------------------------------
# RUN NUMBER: 37   DATE: 11:37:25 10-Sep-2021
# INVOKED AS: D:/Microsemi/Designer/bin/libero.exe extended_run_lib.tcl -skip_open_project -root {C:\Users\sergey.dydykin\Desktop\SoM3_test_package\MPF100T_Sources_wo_DDR_wo_JC\designer\top} -n 5 -starting_seed_index 77 -compare_criteria violations -analysis max -slack_criteria worst
#------------------------------------------------------------------------------------------------------------------------------------------
# Seed Index  Seed      Maximum Delay        Worst Slack  Report Analyzed                                Saved Design
# ==========  ========  ===============  ===============  =============================================  ===================================
          77        76    N/A               Compare failed  top_timing_violations_max_r37_s77.rpt          top_r37_s77
          78        77    N/A               Compare failed  top_timing_violations_max_r37_s78.rpt          top_r37_s78
          79        78    N/A               Compare failed  top_timing_violations_max_r37_s79.rpt          top_r37_s79
          80        79    N/A               Compare failed  top_timing_violations_max_r37_s80.rpt          top_r37_s80
          81        80    N/A               Compare failed  top_timing_violations_max_r37_s81.rpt          top_r37_s81
#------------------------------------------------------------------------------------------------------------------------------------------
# RUN NUMBER: 38   DATE: 10:39:16 13-Sep-2021
# INVOKED AS: D:/Microsemi/Designer/bin/libero.exe extended_run_lib.tcl -skip_open_project -root {C:\Users\sergey.dydykin\Desktop\SoM3_test_package\MPF100T_Sources_wo_DDR_wo_JC\designer\top} -n 5 -starting_seed_index 82 -compare_criteria violations -analysis max -slack_criteria worst
#------------------------------------------------------------------------------------------------------------------------------------------
# Seed Index  Seed      Maximum Delay        Worst Slack  Report Analyzed                                Saved Design
# ==========  ========  ===============  ===============  =============================================  ===================================
          82        81    N/A               Compare failed  top_timing_violations_max_r38_s82.rpt          top_r38_s82
          83        82    N/A               Compare failed  top_timing_violations_max_r38_s83.rpt          top_r38_s83
          84        83    N/A               Compare failed  top_timing_violations_max_r38_s84.rpt          top_r38_s84
          85        84    N/A               Compare failed  top_timing_violations_max_r38_s85.rpt          top_r38_s85
          86        85    N/A               Compare failed  top_timing_violations_max_r38_s86.rpt          top_r38_s86
#------------------------------------------------------------------------------------------------------------------------------------------
# RUN NUMBER: 39   DATE: 13:08:04 13-Sep-2021
# INVOKED AS: D:/Microsemi/Designer/bin/libero.exe extended_run_lib.tcl -skip_open_project -root {C:\Users\sergey.dydykin\Desktop\SoM3_test_package\MPF100T_Sources_wo_DDR_wo_JC_common_RST\designer\top} -n 5 -starting_seed_index 87 -compare_criteria violations -analysis max -slack_criteria worst
#------------------------------------------------------------------------------------------------------------------------------------------
# Seed Index  Seed      Maximum Delay        Worst Slack  Report Analyzed                                Saved Design
# ==========  ========  ===============  ===============  =============================================  ===================================
          87        86    N/A               Compare failed  top_timing_violations_max_r39_s87.rpt          top_r39_s87
          88        87    N/A               Compare failed  top_timing_violations_max_r39_s88.rpt          top_r39_s88
          89        88    N/A               Compare failed  top_timing_violations_max_r39_s89.rpt          top_r39_s89
          90        89    N/A               Compare failed  top_timing_violations_max_r39_s90.rpt          top_r39_s90
          91        90    N/A               Compare failed  top_timing_violations_max_r39_s91.rpt          top_r39_s91
#------------------------------------------------------------------------------------------------------------------------------------------
# RUN NUMBER: 40   DATE: 14:47:22 13-Sep-2021
# INVOKED AS: D:/Microsemi/Designer/bin/libero.exe extended_run_lib.tcl -skip_open_project -root {C:\Users\sergey.dydykin\Desktop\SoM3_test_package\MPF100T_Sources_wo_DDR_wo_JC_common_RST_Gen2\designer\top} -n 5 -starting_seed_index 92 -compare_criteria violations -analysis max -slack_criteria worst
#------------------------------------------------------------------------------------------------------------------------------------------
# Seed Index  Seed      Maximum Delay        Worst Slack  Report Analyzed                                Saved Design
# ==========  ========  ===============  ===============  =============================================  ===================================
          92        91    N/A               Compare failed  top_timing_violations_max_r40_s92.rpt          top_r40_s92
          93        92    N/A               Compare failed  top_timing_violations_max_r40_s93.rpt          top_r40_s93
          94        93    N/A               Compare failed  top_timing_violations_max_r40_s94.rpt          top_r40_s94
          95        94    N/A               Compare failed  top_timing_violations_max_r40_s95.rpt          top_r40_s95
          96        95    N/A               Compare failed  top_timing_violations_max_r40_s96.rpt          top_r40_s96
#------------------------------------------------------------------------------------------------------------------------------------------
# RUN NUMBER: 41   DATE: 15:27:38 13-Sep-2021
# INVOKED AS: D:/Microsemi/Designer/bin/libero.exe extended_run_lib.tcl -skip_open_project -root {C:\Users\sergey.dydykin\Desktop\SoM3_test_package\MPF100T_Sources_wo_DDR_wo_JC_common_RST_Gen2\designer\top} -n 5 -starting_seed_index 97 -compare_criteria violations -analysis max -slack_criteria worst
#------------------------------------------------------------------------------------------------------------------------------------------
# Seed Index  Seed      Maximum Delay        Worst Slack  Report Analyzed                                Saved Design
# ==========  ========  ===============  ===============  =============================================  ===================================
          97        96    N/A               Compare failed  top_timing_violations_max_r41_s97.rpt          top_r41_s97
          98        97    N/A               Compare failed  top_timing_violations_max_r41_s98.rpt          top_r41_s98
          99        98    N/A               Compare failed  top_timing_violations_max_r41_s99.rpt          top_r41_s99
         100        99    N/A               Compare failed  top_timing_violations_max_r41_s100.rpt         top_r41_s100
         101       100    N/A               Compare failed  top_timing_violations_max_r41_s101.rpt         top_r41_s101
#------------------------------------------------------------------------------------------------------------------------------------------
# RUN NUMBER: 42   DATE: 16:34:06 13-Sep-2021
# INVOKED AS: D:/Microsemi/Designer/bin/libero.exe extended_run_lib.tcl -skip_open_project -root {C:\Users\sergey.dydykin\Desktop\SoM3_test_package\MPF100T_Sources_wo_DDR_w_JC_common_RST_Gen2\designer\top} -n 5 -starting_seed_index 102 -compare_criteria violations -analysis max -slack_criteria worst
#------------------------------------------------------------------------------------------------------------------------------------------
# Seed Index  Seed      Maximum Delay        Worst Slack  Report Analyzed                                Saved Design
# ==========  ========  ===============  ===============  =============================================  ===================================
           1         0    N/A               Compare failed  top_timing_violations_max_r42_s1.rpt           top_r42_s1
           2         1    N/A               Compare failed  top_timing_violations_max_r42_s2.rpt           top_r42_s2
           3         2    N/A               Compare failed  top_timing_violations_max_r42_s3.rpt           top_r42_s3
           4         3    N/A               Compare failed  top_timing_violations_max_r42_s4.rpt           top_r42_s4
           5         4    N/A               Compare failed  top_timing_violations_max_r42_s5.rpt           top_r42_s5
#------------------------------------------------------------------------------------------------------------------------------------------
# RUN NUMBER: 43   DATE: 17:43:33 13-Sep-2021
# INVOKED AS: D:/Microsemi/Designer/bin/libero.exe extended_run_lib.tcl -skip_open_project -root {C:\Users\sergey.dydykin\Desktop\SoM3_test_package\MPF100T_Sources_wo_DDR_w_JC_common_RST_Gen2\designer\top} -n 5 -starting_seed_index 6 -compare_criteria violations -analysis max -slack_criteria worst
#------------------------------------------------------------------------------------------------------------------------------------------
# Seed Index  Seed      Maximum Delay        Worst Slack  Report Analyzed                                Saved Design
# ==========  ========  ===============  ===============  =============================================  ===================================
           6         5    N/A               Compare failed  top_timing_violations_max_r43_s6.rpt           top_r43_s6
           7         6    N/A               Compare failed  top_timing_violations_max_r43_s7.rpt           top_r43_s7
           8         7    N/A               Compare failed  top_timing_violations_max_r43_s8.rpt           top_r43_s8
           9         8    N/A               Compare failed  top_timing_violations_max_r43_s9.rpt           top_r43_s9
          10         9    N/A               Compare failed  top_timing_violations_max_r43_s10.rpt          top_r43_s10
#------------------------------------------------------------------------------------------------------------------------------------------
# RUN NUMBER: 44   DATE: 18:19:23 13-Sep-2021
# INVOKED AS: D:/Microsemi/Designer/bin/libero.exe extended_run_lib.tcl -skip_open_project -root {C:\Users\sergey.dydykin\Desktop\SoM3_test_package\MPF100T_Sources_wo_DDR_w_JC_common_RST_Gen2\designer\top} -n 5 -starting_seed_index 11 -compare_criteria violations -analysis max -slack_criteria worst
#------------------------------------------------------------------------------------------------------------------------------------------
# Seed Index  Seed      Maximum Delay        Worst Slack  Report Analyzed                                Saved Design
# ==========  ========  ===============  ===============  =============================================  ===================================
          11        10    N/A               Compare failed  top_timing_violations_max_r44_s11.rpt          top_r44_s11
          12        11    N/A               Compare failed  top_timing_violations_max_r44_s12.rpt          top_r44_s12
          13        12    N/A               Compare failed  top_timing_violations_max_r44_s13.rpt          top_r44_s13
          14        13    N/A               Compare failed  top_timing_violations_max_r44_s14.rpt          top_r44_s14
          15        14    N/A               Compare failed  top_timing_violations_max_r44_s15.rpt          top_r44_s15
#------------------------------------------------------------------------------------------------------------------------------------------
# RUN NUMBER: 45   DATE: 18:45:19 13-Sep-2021
# INVOKED AS: D:/Microsemi/Designer/bin/libero.exe extended_run_lib.tcl -skip_open_project -root {C:\Users\sergey.dydykin\Desktop\SoM3_test_package\MPF100T_Sources_wo_DDR_w_JC_common_RST_Gen2\designer\top} -n 5 -starting_seed_index 16 -compare_criteria violations -analysis max -slack_criteria worst
#------------------------------------------------------------------------------------------------------------------------------------------
# Seed Index  Seed      Maximum Delay        Worst Slack  Report Analyzed                                Saved Design
# ==========  ========  ===============  ===============  =============================================  ===================================
          16        15    N/A               Compare failed  top_timing_violations_max_r45_s16.rpt          top_r45_s16
          17        16    N/A               Compare failed  top_timing_violations_max_r45_s17.rpt          top_r45_s17
          18        17    N/A               Compare failed  top_timing_violations_max_r45_s18.rpt          top_r45_s18
          19        18    N/A               Compare failed  top_timing_violations_max_r45_s19.rpt          top_r45_s19
          20        19    N/A               Compare failed  top_timing_violations_max_r45_s20.rpt          top_r45_s20
#------------------------------------------------------------------------------------------------------------------------------------------
# RUN NUMBER: 46   DATE: 17:17:17 14-Sep-2021
# INVOKED AS: D:/Microsemi/Designer/bin/libero.exe extended_run_lib.tcl -skip_open_project -root {C:\Users\sergey.dydykin\Desktop\SoM3_test_package\SE215_SoM3_MPF100T_Sources_wo_DDR_w_JC_common_RST_Gen2_w_SS\designer\top} -n 5 -starting_seed_index 21 -compare_criteria violations -analysis max -slack_criteria worst
#------------------------------------------------------------------------------------------------------------------------------------------
# Seed Index  Seed      Maximum Delay        Worst Slack  Report Analyzed                                Saved Design
# ==========  ========  ===============  ===============  =============================================  ===================================
          21        20    N/A               Compare failed  top_timing_violations_max_r46_s21.rpt          top_r46_s21
          22        21    N/A               Compare failed  top_timing_violations_max_r46_s22.rpt          top_r46_s22
          23        22    N/A               Compare failed  top_timing_violations_max_r46_s23.rpt          top_r46_s23
          24        23    N/A               Compare failed  top_timing_violations_max_r46_s24.rpt          top_r46_s24
          25        24    N/A               Compare failed  top_timing_violations_max_r46_s25.rpt          top_r46_s25
#------------------------------------------------------------------------------------------------------------------------------------------
# RUN NUMBER: 47   DATE: 19:30:31 15-Sep-2021
# INVOKED AS: D:/Microsemi/Designer/bin/libero.exe extended_run_lib.tcl -skip_open_project -root {C:\Users\sergey.dydykin\Desktop\SoM3_test_package\SE215_SoM3_MPF100T_Sources_w_DDR_w_JC_common_RST_Gen2_w_SS\designer\top} -n 5 -starting_seed_index 26 -compare_criteria violations -analysis max -slack_criteria worst
#------------------------------------------------------------------------------------------------------------------------------------------
# Seed Index  Seed      Maximum Delay        Worst Slack  Report Analyzed                                Saved Design
# ==========  ========  ===============  ===============  =============================================  ===================================
          26        25    N/A                Layout failed  top_timing_violations_max_r47_s26.rpt          top_r47_s26
          27        26    N/A                Layout failed  top_timing_violations_max_r47_s27.rpt          top_r47_s27
          28        27    N/A                Layout failed  top_timing_violations_max_r47_s28.rpt          top_r47_s28
          29        28    N/A                Layout failed  top_timing_violations_max_r47_s29.rpt          top_r47_s29
          30        29    N/A                Layout failed  top_timing_violations_max_r47_s30.rpt          top_r47_s30
#------------------------------------------------------------------------------------------------------------------------------------------
# RUN NUMBER: 48   DATE: 19:39:26 15-Sep-2021
# INVOKED AS: D:/Microsemi/Designer/bin/libero.exe extended_run_lib.tcl -skip_open_project -root {C:\Users\sergey.dydykin\Desktop\SoM3_test_package\SE215_SoM3_MPF100T_Sources_w_DDR_w_JC_common_RST_Gen2_w_SS\designer\top} -n 5 -starting_seed_index 31 -compare_criteria violations -analysis max -slack_criteria worst
#------------------------------------------------------------------------------------------------------------------------------------------
# Seed Index  Seed      Maximum Delay        Worst Slack  Report Analyzed                                Saved Design
# ==========  ========  ===============  ===============  =============================================  ===================================
          31        30    N/A               Compare failed  top_timing_violations_max_r48_s31.rpt          top_r48_s31
          32        31    N/A               Compare failed  top_timing_violations_max_r48_s32.rpt          top_r48_s32
          33        32    N/A               Compare failed  top_timing_violations_max_r48_s33.rpt          top_r48_s33
          34        33    N/A               Compare failed  top_timing_violations_max_r48_s34.rpt          top_r48_s34
          35        34    N/A               Compare failed  top_timing_violations_max_r48_s35.rpt          top_r48_s35
#------------------------------------------------------------------------------------------------------------------------------------------
# RUN NUMBER: 49   DATE: 20:11:03 15-Sep-2021
# INVOKED AS: D:/Microsemi/Designer/bin/libero.exe extended_run_lib.tcl -skip_open_project -root {C:\Users\sergey.dydykin\Desktop\SoM3_test_package\SE215_SoM3_MPF100T_Sources_w_DDR_w_JC_common_RST_Gen2_w_SS\designer\top} -n 5 -starting_seed_index 36 -compare_criteria violations -analysis max -slack_criteria worst
#------------------------------------------------------------------------------------------------------------------------------------------
# Seed Index  Seed      Maximum Delay        Worst Slack  Report Analyzed                                Saved Design
# ==========  ========  ===============  ===============  =============================================  ===================================
          36        35    N/A               Compare failed  top_timing_violations_max_r49_s36.rpt          top_r49_s36
          37        36    N/A               Compare failed  top_timing_violations_max_r49_s37.rpt          top_r49_s37
          38        37    N/A               Compare failed  top_timing_violations_max_r49_s38.rpt          top_r49_s38
          39        38    N/A               Compare failed  top_timing_violations_max_r49_s39.rpt          top_r49_s39
          40        39    N/A               Compare failed  top_timing_violations_max_r49_s40.rpt          top_r49_s40
#------------------------------------------------------------------------------------------------------------------------------------------
# RUN NUMBER: 50   DATE: 12:15:07 17-Sep-2021
# INVOKED AS: D:/Microsemi/Designer/bin/libero.exe extended_run_lib.tcl -skip_open_project -root {C:\Users\sergey.dydykin\Desktop\SoM3_test_package\SE215_SoM3_MPF100T_Sources_w_DDR_w_JC_common_RST_Gen2_w_SS_wo_FMC\designer\top} -n 5 -starting_seed_index 41 -compare_criteria violations -analysis max -slack_criteria worst
#------------------------------------------------------------------------------------------------------------------------------------------
# Seed Index  Seed      Maximum Delay        Worst Slack  Report Analyzed                                Saved Design
# ==========  ========  ===============  ===============  =============================================  ===================================
          41        40    N/A               Compare failed  top_timing_violations_max_r50_s41.rpt          top_r50_s41
          42        41    N/A               Compare failed  top_timing_violations_max_r50_s42.rpt          top_r50_s42
          43        42    N/A               Compare failed  top_timing_violations_max_r50_s43.rpt          top_r50_s43
          44        43    N/A               Compare failed  top_timing_violations_max_r50_s44.rpt          top_r50_s44
          45        44    N/A               Compare failed  top_timing_violations_max_r50_s45.rpt          top_r50_s45
#------------------------------------------------------------------------------------------------------------------------------------------
# RUN NUMBER: 51   DATE: 05:01:35 17-Sep-2021
# INVOKED AS: C:/Microsemi/Libero_SoC_v12.6/Designer/bin/libero.exe extended_run_lib.tcl -skip_open_project -root {D:\SoM3_test_package\Delivery_20210917\SE215_SoM3_MPF100T_Sources_w_DDR_w_JC_wo_FMC\designer\top} -n 5 -starting_seed_index 46 -compare_criteria violations -analysis max -slack_criteria worst
#------------------------------------------------------------------------------------------------------------------------------------------
# Seed Index  Seed      Maximum Delay        Worst Slack  Report Analyzed                                Saved Design
# ==========  ========  ===============  ===============  =============================================  ===================================
          46        45    N/A               Compare failed  top_timing_violations_max_r51_s46.rpt          top_r51_s46
          47        46    N/A               Compare failed  top_timing_violations_max_r51_s47.rpt          top_r51_s47
          48        47    N/A               Compare failed  top_timing_violations_max_r51_s48.rpt          top_r51_s48
          49        48    N/A               Compare failed  top_timing_violations_max_r51_s49.rpt          top_r51_s49
          50        49    N/A               Compare failed  top_timing_violations_max_r51_s50.rpt          top_r51_s50
#------------------------------------------------------------------------------------------------------------------------------------------
# RUN NUMBER: 52   DATE: 17:49:53 20-Sep-2021
# INVOKED AS: D:/Microsemi/Designer/bin/libero.exe extended_run_lib.tcl -skip_open_project -root {D:\Projects\Oshawa_LiberoUpgrade\delivery_20210920\SE215_SoM3_MPF100T_Sources_w_DDR_wo_JC_w_FMC\designer\top} -n 5 -starting_seed_index 51 -compare_criteria violations -analysis max -slack_criteria worst
#------------------------------------------------------------------------------------------------------------------------------------------
# Seed Index  Seed      Maximum Delay        Worst Slack  Report Analyzed                                Saved Design
# ==========  ========  ===============  ===============  =============================================  ===================================
          51        50    N/A               Compare failed  top_timing_violations_max_r52_s51.rpt          top_r52_s51
          52        51    N/A               Compare failed  top_timing_violations_max_r52_s52.rpt          top_r52_s52
          53        52    N/A               Compare failed  top_timing_violations_max_r52_s53.rpt          top_r52_s53
          54        53    N/A               Compare failed  top_timing_violations_max_r52_s54.rpt          top_r52_s54
          55        54    N/A               Compare failed  top_timing_violations_max_r52_s55.rpt          top_r52_s55
#------------------------------------------------------------------------------------------------------------------------------------------
# RUN NUMBER: 53   DATE: 07:43:37 21-Sep-2021
# INVOKED AS: C:/Microsemi/Libero_SoC_v12.6/Designer/bin/libero.exe extended_run_lib.tcl -skip_open_project -root {D:\SoM3_test_package\Delivery_20210921\SE216_SoM3_MPF100T_Sources_w_DDR_w_FMC\designer\top} -n 5 -starting_seed_index 56 -compare_criteria violations -analysis max -slack_criteria worst
#------------------------------------------------------------------------------------------------------------------------------------------
# Seed Index  Seed      Maximum Delay        Worst Slack  Report Analyzed                                Saved Design
# ==========  ========  ===============  ===============  =============================================  ===================================
          56        55    N/A               Compare failed  top_timing_violations_max_r53_s56.rpt          top_r53_s56
          57        56    N/A               Compare failed  top_timing_violations_max_r53_s57.rpt          top_r53_s57
          58        57    N/A               Compare failed  top_timing_violations_max_r53_s58.rpt          top_r53_s58
          59        58    N/A               Compare failed  top_timing_violations_max_r53_s59.rpt          top_r53_s59
          60        59    N/A               Compare failed  top_timing_violations_max_r53_s60.rpt          top_r53_s60
#------------------------------------------------------------------------------------------------------------------------------------------
# RUN NUMBER: 54   DATE: 18:11:51 04-Oct-2021
# INVOKED AS: D:/Microsemi/Libero_SoC_v2021.2/Designer/bin/libero.exe extended_run_lib.tcl -skip_open_project -root {C:\Users\sergey.dydykin\Desktop\SoM3_test_package\Delivery_20211004\SE216_SoM3\SE216_SoM3_MPF100T_Sources_w_DDR_w_FMC\designer\top} -n 5 -starting_seed_index 61 -compare_criteria violations -analysis max -slack_criteria worst
#------------------------------------------------------------------------------------------------------------------------------------------
# Seed Index  Seed      Maximum Delay        Worst Slack  Report Analyzed                                Saved Design
# ==========  ========  ===============  ===============  =============================================  ===================================
          61        60    N/A                       -2.376  top_timing_violations_max_r54_s61.rpt          top_r54_s61
          62        61    N/A                       -2.362  top_timing_violations_max_r54_s62.rpt          top_r54_s62
          63        62    N/A                       -2.453  top_timing_violations_max_r54_s63.rpt          top_r54_s63
          64        63    N/A                       -2.356  top_timing_violations_max_r54_s64.rpt          top_r54_s64
          65        64    N/A                       -2.340  top_timing_violations_max_r54_s65.rpt          top_r54_s65
  The best result top_r54_s65 has been saved into the project.

#------------------------------------------------------------------------------------------------------------------------------------------
# RUN NUMBER: 55   DATE: 11:13:53 05-Oct-2021
# INVOKED AS: D:/Microsemi/Libero_SoC_v2021.2/Designer/bin/libero.exe extended_run_lib.tcl -skip_open_project -root {D:\SoM3_test_package\Delivery_20211004\SE216_SoM3\SE216_SoM3_MPF100T_Sources_w_DDR_w_FMC\designer\top} -n 5 -starting_seed_index 66 -compare_criteria violations -analysis max -slack_criteria worst
#------------------------------------------------------------------------------------------------------------------------------------------
# Seed Index  Seed      Maximum Delay        Worst Slack  Report Analyzed                                Saved Design
# ==========  ========  ===============  ===============  =============================================  ===================================
          66        65    N/A                       -2.482  top_timing_violations_max_r55_s66.rpt          top_r55_s66
          67        66    N/A                       -2.443  top_timing_violations_max_r55_s67.rpt          top_r55_s67
          68        67    N/A                       -2.761  top_timing_violations_max_r55_s68.rpt          top_r55_s68
          69        68    N/A                       -2.431  top_timing_violations_max_r55_s69.rpt          top_r55_s69
          70        69    N/A                       -2.421  top_timing_violations_max_r55_s70.rpt          top_r55_s70
  The best result top_r55_s70 has been saved into the project.

#------------------------------------------------------------------------------------------------------------------------------------------
# RUN NUMBER: 56   DATE: 06:17:39 29-Mar-2022
# INVOKED AS: D:/Microsemi/Libero_SoC_v2021.2/Designer/bin/libero.exe extended_run_lib.tcl -skip_open_project -root {D:\SoM3_test_package\SE216_SoM3\SE216_SoM3_MPF100T_Sources_w_DDR_w_FMC\designer\top} -n 5 -starting_seed_index 71 -compare_criteria violations -analysis max -slack_criteria worst
#------------------------------------------------------------------------------------------------------------------------------------------
# Seed Index  Seed      Maximum Delay        Worst Slack  Report Analyzed                                Saved Design
# ==========  ========  ===============  ===============  =============================================  ===================================
          71        70    N/A                       -5.674  top_timing_violations_max_r56_s71.rpt          top_r56_s71
          72        71    N/A                       -5.597  top_timing_violations_max_r56_s72.rpt          top_r56_s72
          73        72    N/A                       -5.776  top_timing_violations_max_r56_s73.rpt          top_r56_s73
          74        73    N/A                       -5.664  top_timing_violations_max_r56_s74.rpt          top_r56_s74
          75        74    N/A                       -5.625  top_timing_violations_max_r56_s75.rpt          top_r56_s75
  The best result top_r56_s72 has been saved into the project.

