Timing Violation Report Min Delay Analysis

SmartTime Version v12.6
Microsemi Corporation - Microsemi Libero Software Release v12.6 (Version 12.900.20.24)
Date: Fri Jul 23 08:13:38 2021


Design: top
Family: PolarFire
Die: MPF300T
Package: FCVG484
Temperature Range: 0 - 100 C
Voltage Range: 0.97 - 1.03 V
Speed Grade: -1
Design State: Post-Layout
Data source: Production
Multi Corner Report Operating Conditions: slow_lv_ht, slow_lv_lt, fast_hv_lt
Scenario for Timing Analysis: timing_analysis


*** IMPORTANT RECOMMENDATION *** If you haven't done so, it is highly recommended to add clock jitter information for each clock domain into Libero SoC through clock uncertainty SDC timing constraints. Please refer to the Libero SoC v12.5 release notes for more details.

Path 1
  From: PF_DDR4_SS_0/MSC_i_0/MSC_i_1/MSC_i_8/MSC_i_12/wr_data_packed[12]:CLK
  To:   PF_DDR4_SS_0/MSC_i_0/MSC_i_1/MSC_i_8/MSC_i_12/wr_data_fifo_wr_data[12]:D
  Delay (ns):              0.292
  Slack (ns):              0.016
  Arrival (ns):            8.774
  Required (ns):           8.758
  Operating Conditions: slow_lv_ht

Path 2
  From: PF_DDR4_SS_0/MSC_i_0/MSC_i_1/MSC_i_8/MSC_i_12/wr_data_packed[30]:CLK
  To:   PF_DDR4_SS_0/MSC_i_0/MSC_i_1/MSC_i_8/MSC_i_12/wr_data_fifo_wr_data[30]:D
  Delay (ns):              0.307
  Slack (ns):              0.040
  Arrival (ns):            8.029
  Required (ns):           7.989
  Operating Conditions: slow_lv_lt

Path 3
  From: PF_DDR4_SS_0/MSC_i_0/MSC_i_1/MSC_i_8/MSC_i_12/wr_data_packed[11]:CLK
  To:   PF_DDR4_SS_0/MSC_i_0/MSC_i_1/MSC_i_8/MSC_i_12/wr_data_fifo_wr_data[11]:D
  Delay (ns):              0.307
  Slack (ns):              0.041
  Arrival (ns):            8.030
  Required (ns):           7.989
  Operating Conditions: slow_lv_lt

Path 4
  From: PF_DDR4_SS_0/MSC_i_0/MSC_i_1/MSC_i_8/MSC_i_12/wr_data_packed[31]:CLK
  To:   PF_DDR4_SS_0/MSC_i_0/MSC_i_1/MSC_i_8/MSC_i_12/wr_data_fifo_wr_data[31]:D
  Delay (ns):              0.208
  Slack (ns):              0.046
  Arrival (ns):            5.866
  Required (ns):           5.820
  Operating Conditions: fast_hv_lt

Path 5
  From: AXI4_Interconnect_0/AXI4_Interconnect_0/axicb/cb.arcon/trgmx/slaveASIZE[0]:CLK
  To:   AXI4_Interconnect_0/AXI4_Interconnect_0/SlvConvertor_loop[3].slvcnv/rgsl/genblk2.arrs/holdDat[20]:D
  Delay (ns):              0.213
  Slack (ns):              0.046
  Arrival (ns):            5.875
  Required (ns):           5.829
  Operating Conditions: fast_hv_lt

Path 6
  From: PF_DDR4_SS_0/MSC_i_0/MSC_i_1/MSC_i_8/MSC_i_12/wr_data_packed[7]:CLK
  To:   PF_DDR4_SS_0/MSC_i_0/MSC_i_1/MSC_i_8/MSC_i_12/wr_data_fifo_wr_data[7]:D
  Delay (ns):              0.210
  Slack (ns):              0.048
  Arrival (ns):            5.868
  Required (ns):           5.820
  Operating Conditions: fast_hv_lt

Path 7
  From: PF_DDR4_SS_0/MSC_i_0/MSC_i_1/MSC_i_8/MSC_i_12/wr_data_packed[29]:CLK
  To:   PF_DDR4_SS_0/MSC_i_0/MSC_i_1/MSC_i_8/MSC_i_12/wr_data_fifo_wr_data[29]:D
  Delay (ns):              0.315
  Slack (ns):              0.048
  Arrival (ns):            8.037
  Required (ns):           7.989
  Operating Conditions: slow_lv_lt

Path 8
  From: PF_DDR4_SS_0/MSC_i_0/MSC_i_1/MSC_i_8/MSC_i_12/wr_data_packed[26]:CLK
  To:   PF_DDR4_SS_0/MSC_i_0/MSC_i_1/MSC_i_8/MSC_i_12/wr_data_fifo_wr_data[26]:D
  Delay (ns):              0.304
  Slack (ns):              0.048
  Arrival (ns):            8.025
  Required (ns):           7.977
  Operating Conditions: slow_lv_lt

Path 9
  From: PF_DDR4_SS_0/MSC_i_0/MSC_i_1/MSC_i_8/MSC_i_12/wr_data_packed[143]:CLK
  To:   PF_DDR4_SS_0/MSC_i_0/MSC_i_1/MSC_i_8/MSC_i_12/wr_data_fifo_wr_data[143]:D
  Delay (ns):              0.212
  Slack (ns):              0.049
  Arrival (ns):            5.873
  Required (ns):           5.824
  Operating Conditions: fast_hv_lt

Path 10
  From: PF_DDR4_SS_0/DDRPHY_BLK_0/IOD_TRAINING_0/COREDDR_TIP_INT_U/TIP_CTRL_BLK/LEVELLING/RDLVL/RDLVL_SMS/genblk1[0].RDLVL_TRAIN/gate_training/txdly_cnt[5]:CLK
  To:   PF_DDR4_SS_0/DDRPHY_BLK_0/IOD_TRAINING_0/COREDDR_TIP_INT_U/TIP_CTRL_BLK/LEVELLING/RDLVL/RDLVL_SMS/genblk1[0].RDLVL_TRAIN/gate_training/txdly_1[5]:D
  Delay (ns):              0.210
  Slack (ns):              0.052
  Arrival (ns):            5.832
  Required (ns):           5.780
  Operating Conditions: fast_hv_lt

Path 11
  From: PF_DDR4_SS_0/DDRPHY_BLK_0/IOD_TRAINING_0/COREDDR_TIP_INT_U/TIP_CTRL_BLK/LEVELLING/RDLVL/RDLVL_SMS/genblk1[0].RDLVL_TRAIN/gate_training/txdly_cnt[3]:CLK
  To:   PF_DDR4_SS_0/DDRPHY_BLK_0/IOD_TRAINING_0/COREDDR_TIP_INT_U/TIP_CTRL_BLK/LEVELLING/RDLVL/RDLVL_SMS/genblk1[0].RDLVL_TRAIN/gate_training/txdly_1[3]:D
  Delay (ns):              0.215
  Slack (ns):              0.057
  Arrival (ns):            5.837
  Required (ns):           5.780
  Operating Conditions: fast_hv_lt

Path 12
  From: PF_DDR4_SS_0/DDRPHY_BLK_0/IOD_TRAINING_0/COREDDR_TIP_INT_U/TIP_CTRL_BLK/LEVELLING/RDLVL/RDLVL_SMS/genblk1[0].RDLVL_TRAIN/gate_training/txdly_cnt[0]:CLK
  To:   PF_DDR4_SS_0/DDRPHY_BLK_0/IOD_TRAINING_0/COREDDR_TIP_INT_U/TIP_CTRL_BLK/LEVELLING/RDLVL/RDLVL_SMS/genblk1[0].RDLVL_TRAIN/gate_training/txdly_1[0]:D
  Delay (ns):              0.217
  Slack (ns):              0.059
  Arrival (ns):            5.839
  Required (ns):           5.780
  Operating Conditions: fast_hv_lt

Path 13
  From: PF_DDR4_SS_0/DDRPHY_BLK_0/IOD_TRAINING_0/COREDDR_TIP_INT_U/TIP_CTRL_BLK/LEVELLING/RDLVL/RDLVL_SMS/genblk1[0].RDLVL_TRAIN/gate_training/txdly_cnt[6]:CLK
  To:   PF_DDR4_SS_0/DDRPHY_BLK_0/IOD_TRAINING_0/COREDDR_TIP_INT_U/TIP_CTRL_BLK/LEVELLING/RDLVL/RDLVL_SMS/genblk1[0].RDLVL_TRAIN/gate_training/txdly_1[6]:D
  Delay (ns):              0.220
  Slack (ns):              0.063
  Arrival (ns):            5.842
  Required (ns):           5.779
  Operating Conditions: fast_hv_lt

Path 14
  From: PF_DDR4_SS_0/MSC_i_0/MSC_i_1/MSC_i_8/MSC_i_272/dfi_we_n_r2:CLK
  To:   PF_DDR4_SS_0/DDRPHY_BLK_0/IOD_TRAINING_0/COREDDR_TIP_INT_U/u_register_bank/pipelined_generate_block.DFI_WE_N_P0_OUT:D
  Delay (ns):              0.147
  Slack (ns):              0.070
  Arrival (ns):            5.807
  Required (ns):           5.737
  Operating Conditions: fast_hv_lt

Path 15
  From: PF_DDR4_SS_0/MSC_i_0/MSC_i_1/MSC_i_8/MSC_i_272/dfi_odt_p3_r1[0]:CLK
  To:   PF_DDR4_SS_0/MSC_i_0/MSC_i_1/MSC_i_8/MSC_i_272/dfi_odt_p3_r2[0]:D
  Delay (ns):              0.147
  Slack (ns):              0.070
  Arrival (ns):            5.807
  Required (ns):           5.737
  Operating Conditions: fast_hv_lt

Path 16
  From: PF_DDR4_SS_0/MSC_i_0/MSC_i_1/MSC_i_8/MSC_i_272/dfi_address_r2[9]:CLK
  To:   PF_DDR4_SS_0/DDRPHY_BLK_0/IOD_TRAINING_0/COREDDR_TIP_INT_U/u_register_bank/pipelined_generate_block.DFI_ADDRESS_P0_OUT[9]:D
  Delay (ns):              0.147
  Slack (ns):              0.070
  Arrival (ns):            5.813
  Required (ns):           5.743
  Operating Conditions: fast_hv_lt

Path 17
  From: PF_DDR4_SS_0/MSC_i_0/MSC_i_1/MSC_i_8/MSC_i_272/dfi_address_r2[12]:CLK
  To:   PF_DDR4_SS_0/DDRPHY_BLK_0/IOD_TRAINING_0/COREDDR_TIP_INT_U/u_register_bank/pipelined_generate_block.DFI_ADDRESS_P0_OUT[12]:D
  Delay (ns):              0.147
  Slack (ns):              0.070
  Arrival (ns):            5.809
  Required (ns):           5.739
  Operating Conditions: fast_hv_lt

Path 18
  From: PF_DDR4_SS_0/MSC_i_0/MSC_i_1/MSC_i_8/MSC_i_233/MSC_i_234/MSC_i_254/data_shifter_gen[34].data_shifter[34][0]:CLK
  To:   PF_DDR4_SS_0/MSC_i_0/MSC_i_1/MSC_i_8/MSC_i_233/MSC_i_234/MSC_i_254/data_shifter_gen[33].data_shifter[33][0]:D
  Delay (ns):              0.147
  Slack (ns):              0.070
  Arrival (ns):            5.818
  Required (ns):           5.748
  Operating Conditions: fast_hv_lt

Path 19
  From: PF_DDR4_SS_0/MSC_i_0/MSC_i_1/MSC_i_8/MSC_i_233/MSC_i_234/MSC_i_250/data_shifter_gen[30].data_shifter[30][1]:CLK
  To:   PF_DDR4_SS_0/MSC_i_0/MSC_i_1/MSC_i_8/MSC_i_233/MSC_i_234/MSC_i_250/data_shifter_gen[29].data_shifter[29][1]:D
  Delay (ns):              0.147
  Slack (ns):              0.070
  Arrival (ns):            5.819
  Required (ns):           5.749
  Operating Conditions: fast_hv_lt

Path 20
  From: PF_DDR4_SS_0/MSC_i_0/MSC_i_1/MSC_i_8/MSC_i_233/MSC_i_234/MSC_i_249/lat_n0.resettable.data_shifter_1_[122]:CLK
  To:   PF_DDR4_SS_0/MSC_i_0/MSC_i_1/MSC_i_8/MSC_i_233/MSC_i_234/MSC_i_249/lat_n0.resettable.data_shifter_2_[122]:D
  Delay (ns):              0.147
  Slack (ns):              0.070
  Arrival (ns):            5.818
  Required (ns):           5.748
  Operating Conditions: fast_hv_lt

Path 21
  From: PF_DDR4_SS_0/MSC_i_0/MSC_i_1/MSC_i_8/MSC_i_151/gen_fr4.DFI_WRDATA_ALIGN_eq_0.dfi_wrdata_p2_po_r1[27]:CLK
  To:   PF_DDR4_SS_0/MSC_i_0/MSC_i_1/MSC_i_8/MSC_i_274/data_shifter_gen[1].data_shifter[1][99]:D
  Delay (ns):              0.147
  Slack (ns):              0.070
  Arrival (ns):            5.811
  Required (ns):           5.741
  Operating Conditions: fast_hv_lt

Path 22
  From: PF_DDR4_SS_0/MSC_i_0/MSC_i_1/MSC_i_8/MSC_i_151/gen_fr4.DFI_WRDATA_ALIGN_eq_0.dfi_wrdata_p2_po_r1[0]:CLK
  To:   PF_DDR4_SS_0/MSC_i_0/MSC_i_1/MSC_i_8/MSC_i_274/data_shifter_gen[1].data_shifter[1][72]:D
  Delay (ns):              0.146
  Slack (ns):              0.070
  Arrival (ns):            5.821
  Required (ns):           5.751
  Operating Conditions: fast_hv_lt

Path 23
  From: PF_DDR4_SS_0/MSC_i_0/MSC_i_1/MSC_i_8/MSC_i_12/cmd_fifo_wr_data_reg2[6]:CLK
  To:   PF_DDR4_SS_0/MSC_i_0/MSC_i_1/MSC_i_8/MSC_i_12/cmd_fifo_wr_data_reg3[6]:D
  Delay (ns):              0.147
  Slack (ns):              0.070
  Arrival (ns):            5.808
  Required (ns):           5.738
  Operating Conditions: fast_hv_lt

Path 24
  From: PF_DDR4_SS_0/MSC_i_0/MSC_i_1/MSC_i_8/MSC_i_12/MSC_i_55/MSC_i_56/MSC_i_68/MSC_i_70/MSC_i_73/s0:CLK
  To:   PF_DDR4_SS_0/MSC_i_0/MSC_i_1/MSC_i_8/MSC_i_12/MSC_i_55/MSC_i_56/MSC_i_68/MSC_i_70/MSC_i_73/s1:D
  Delay (ns):              0.147
  Slack (ns):              0.070
  Arrival (ns):            5.805
  Required (ns):           5.735
  Operating Conditions: fast_hv_lt

Path 25
  From: CoreDMA_IO_CTRL_0/UART_SD_0/cmd_ctrlr_0/dma_size_4k[4]:CLK
  To:   CoreDMA_IO_CTRL_0/UART_SD_0/cmd_ctrlr_0/coredma_size_o[16]:D
  Delay (ns):              0.147
  Slack (ns):              0.070
  Arrival (ns):            5.815
  Required (ns):           5.745
  Operating Conditions: fast_hv_lt

Path 26
  From: AXI4_Interconnect_0/AXI4_Interconnect_0/SlvConvertor_loop[1].slvcnv/rgsl/genblk1.awrs/sDat[38]:CLK
  To:   CoreDMA_IO_CTRL_0/axi_io_ctrl_0/waddr_int[4]:D
  Delay (ns):              0.146
  Slack (ns):              0.070
  Arrival (ns):            5.806
  Required (ns):           5.736
  Operating Conditions: fast_hv_lt

Path 27
  From: PF_DDR4_SS_0/MSC_i_0/MSC_i_1/MSC_i_8/MSC_i_233/MSC_i_234/MSC_i_249/lat_n0.resettable.data_shifter_2_[65]:CLK
  To:   PF_DDR4_SS_0/MSC_i_0/MSC_i_1/MSC_i_8/MSC_i_272/dfi_cs_cmd_phase_r1[0]:D
  Delay (ns):              0.147
  Slack (ns):              0.071
  Arrival (ns):            5.803
  Required (ns):           5.732
  Operating Conditions: fast_hv_lt

Path 28
  From: PF_DDR4_SS_0/MSC_i_0/MSC_i_1/MSC_i_8/MSC_i_233/MSC_i_234/MSC_i_249/lat_n0.resettable.data_shifter_0_[110]:CLK
  To:   PF_DDR4_SS_0/MSC_i_0/MSC_i_1/MSC_i_8/MSC_i_233/MSC_i_234/MSC_i_249/lat_n0.resettable.data_shifter_1_[110]:D
  Delay (ns):              0.147
  Slack (ns):              0.071
  Arrival (ns):            5.832
  Required (ns):           5.761
  Operating Conditions: fast_hv_lt

Path 29
  From: PF_DDR4_SS_0/MSC_i_0/MSC_i_1/MSC_i_8/MSC_i_151/gen_fr4.DFI_WRDATA_ALIGN_eq_0.dfi_wrdata_p2_po_r1[1]:CLK
  To:   PF_DDR4_SS_0/MSC_i_0/MSC_i_1/MSC_i_8/MSC_i_274/data_shifter_gen[1].data_shifter[1][73]:D
  Delay (ns):              0.147
  Slack (ns):              0.071
  Arrival (ns):            5.792
  Required (ns):           5.721
  Operating Conditions: fast_hv_lt

Path 30
  From: CoreDMA_IO_CTRL_0/axi4dma_init_0/wdata_o[19]:CLK
  To:   CoreDMA_IO_CTRL_0/CoreAXI4_Lite_0/CoreAXI4_Lite_0/MstConvertor_loop[0].mstrconv/rgsl/genblk4.wrs/holdDat[25]:D
  Delay (ns):              0.148
  Slack (ns):              0.071
  Arrival (ns):            5.771
  Required (ns):           5.700
  Operating Conditions: fast_hv_lt

Path 31
  From: PF_DDR4_SS_0/MSC_i_0/MSC_i_1/MSC_i_8/MSC_i_274/data_shifter_gen[1].data_shifter[1][110]:CLK
  To:   PF_DDR4_SS_0/DDRPHY_BLK_0/IOD_TRAINING_0/COREDDR_TIP_INT_U/u_register_bank/pipelined_generate_block.IOG_DQ_TXDATA_OUT[48]:D
  Delay (ns):              0.242
  Slack (ns):              0.072
  Arrival (ns):            5.884
  Required (ns):           5.812
  Operating Conditions: fast_hv_lt

Path 32
  From: PF_DDR4_SS_0/MSC_i_0/MSC_i_1/MSC_i_8/MSC_i_272/dfi_cas_n_r2:CLK
  To:   PF_DDR4_SS_0/DDRPHY_BLK_0/IOD_TRAINING_0/COREDDR_TIP_INT_U/u_register_bank/pipelined_generate_block.DFI_CAS_N_P0_OUT:D
  Delay (ns):              0.148
  Slack (ns):              0.072
  Arrival (ns):            5.807
  Required (ns):           5.735
  Operating Conditions: fast_hv_lt

Path 33
  From: PF_DDR4_SS_0/MSC_i_0/MSC_i_1/MSC_i_8/MSC_i_233/MSC_i_234/MSC_i_250/data_shifter_gen[38].data_shifter[38][1]:CLK
  To:   PF_DDR4_SS_0/MSC_i_0/MSC_i_1/MSC_i_8/MSC_i_233/MSC_i_234/MSC_i_250/data_shifter_gen[37].data_shifter[37][1]:D
  Delay (ns):              0.150
  Slack (ns):              0.072
  Arrival (ns):            5.822
  Required (ns):           5.750
  Operating Conditions: fast_hv_lt

Path 34
  From: PF_DDR4_SS_0/MSC_i_0/MSC_i_1/MSC_i_8/MSC_i_12/awaddr_r1[29]:CLK
  To:   PF_DDR4_SS_0/MSC_i_0/MSC_i_1/MSC_i_8/MSC_i_12/wr_cmd_wr_data[29]:D
  Delay (ns):              0.192
  Slack (ns):              0.072
  Arrival (ns):            5.861
  Required (ns):           5.789
  Operating Conditions: fast_hv_lt

Path 35
  From: PF_DDR4_SS_0/MSC_i_0/MSC_i_1/MSC_i_8/MSC_i_12/MSC_i_25/MSC_i_26/MSC_i_41/MSC_i_43/MSC_i_48/s0:CLK
  To:   PF_DDR4_SS_0/MSC_i_0/MSC_i_1/MSC_i_8/MSC_i_12/MSC_i_25/MSC_i_26/MSC_i_41/MSC_i_43/MSC_i_48/s1:D
  Delay (ns):              0.148
  Slack (ns):              0.072
  Arrival (ns):            5.828
  Required (ns):           5.756
  Operating Conditions: fast_hv_lt

Path 36
  From: AXI4_Interconnect_0/AXI4_Interconnect_0/SlvConvertor_loop[4].slvcnv/rgsl/genblk2.arrs/sDat[46]:CLK
  To:   PF_DDR4_SS_0/MSC_i_0/MSC_i_1/MSC_i_8/MSC_i_12/araddr_r1[15]:D
  Delay (ns):              0.148
  Slack (ns):              0.072
  Arrival (ns):            5.812
  Required (ns):           5.740
  Operating Conditions: fast_hv_lt

Path 37
  From: PF_DDR4_SS_0/DDRPHY_BLK_0/IOD_TRAINING_0/COREDDR_TIP_INT_U/TIP_CTRL_BLK/LEVELLING/IOG_IF/move_int[3]:CLK
  To:   PF_DDR4_SS_0/DDRPHY_BLK_0/IOD_TRAINING_0/COREDDR_TIP_INT_U/MOVE[3]:D
  Delay (ns):              0.150
  Slack (ns):              0.073
  Arrival (ns):            5.792
  Required (ns):           5.719
  Operating Conditions: fast_hv_lt

Path 38
  From: AXI4_Interconnect_0/AXI4_Interconnect_0/SlvConvertor_loop[0].slvcnv/rgsl/genblk4.wrs/holdDat[6]:CLK
  To:   AXI4_Interconnect_0/AXI4_Interconnect_0/SlvConvertor_loop[0].slvcnv/rgsl/genblk4.wrs/sDat[6]:D
  Delay (ns):              0.239
  Slack (ns):              0.073
  Arrival (ns):            5.898
  Required (ns):           5.825
  Operating Conditions: fast_hv_lt

Path 39
  From: PF_DDR4_SS_0/MSC_i_0/MSC_i_1/MSC_i_8/MSC_i_272/dfi_act_n_r2:CLK
  To:   PF_DDR4_SS_0/DDRPHY_BLK_0/IOD_TRAINING_0/COREDDR_TIP_INT_U/u_register_bank/pipelined_generate_block.DFI_ACT_N_P0_OUT:D
  Delay (ns):              0.150
  Slack (ns):              0.074
  Arrival (ns):            5.809
  Required (ns):           5.735
  Operating Conditions: fast_hv_lt

Path 40
  From: PF_DDR4_SS_0/MSC_i_0/MSC_i_1/MSC_i_8/MSC_i_263/MSC_i_266/data_r1[27]:CLK
  To:   PF_DDR4_SS_0/MSC_i_0/MSC_i_1/MSC_i_8/MSC_i_263/MSC_i_266/data_r2[27]:D
  Delay (ns):              0.150
  Slack (ns):              0.074
  Arrival (ns):            5.814
  Required (ns):           5.740
  Operating Conditions: fast_hv_lt

Path 41
  From: PF_DDR4_SS_0/MSC_i_0/MSC_i_1/MSC_i_8/MSC_i_233/MSC_i_234/MSC_i_250/data_shifter_gen[31].data_shifter[31][1]:CLK
  To:   PF_DDR4_SS_0/MSC_i_0/MSC_i_1/MSC_i_8/MSC_i_233/MSC_i_234/MSC_i_250/data_shifter_gen[30].data_shifter[30][1]:D
  Delay (ns):              0.150
  Slack (ns):              0.074
  Arrival (ns):            5.823
  Required (ns):           5.749
  Operating Conditions: fast_hv_lt

Path 42
  From: PF_DDR4_SS_0/MSC_i_0/MSC_i_1/MSC_i_8/MSC_i_233/MSC_i_234/MSC_i_250/data_shifter_gen[15].data_shifter[15][1]:CLK
  To:   PF_DDR4_SS_0/MSC_i_0/MSC_i_1/MSC_i_8/MSC_i_233/MSC_i_234/MSC_i_250/data_shifter_gen[14].data_shifter[14][1]:D
  Delay (ns):              0.151
  Slack (ns):              0.074
  Arrival (ns):            5.817
  Required (ns):           5.743
  Operating Conditions: fast_hv_lt

Path 43
  From: PF_DDR4_SS_0/MSC_i_0/MSC_i_1/MSC_i_8/MSC_i_12/araddr_r1[27]:CLK
  To:   PF_DDR4_SS_0/MSC_i_0/MSC_i_1/MSC_i_8/MSC_i_12/rd_cmd_wr_data[27]:D
  Delay (ns):              0.148
  Slack (ns):              0.074
  Arrival (ns):            5.822
  Required (ns):           5.748
  Operating Conditions: fast_hv_lt

Path 44
  From: PF_DDR4_SS_0/MSC_i_0/MSC_i_1/MSC_i_8/MSC_i_12/MSC_i_77/MSC_i_78/MSC_i_80/MSC_i_82/MSC_i_85/s0:CLK
  To:   PF_DDR4_SS_0/MSC_i_0/MSC_i_1/MSC_i_8/MSC_i_12/MSC_i_77/MSC_i_78/MSC_i_80/MSC_i_82/MSC_i_85/s1:D
  Delay (ns):              0.148
  Slack (ns):              0.074
  Arrival (ns):            5.802
  Required (ns):           5.728
  Operating Conditions: fast_hv_lt

Path 45
  From: PF_DDR4_SS_0/MSC_i_0/MSC_i_1/MSC_i_8/MSC_i_12/MSC_i_55/MSC_i_56/gen_dc_level.logic_wr_reset:CLK
  To:   PF_DDR4_SS_0/MSC_i_0/MSC_i_1/MSC_i_8/MSC_i_12/MSC_i_55/MSC_i_56/MSC_i_66/s0:D
  Delay (ns):              0.150
  Slack (ns):              0.074
  Arrival (ns):            5.808
  Required (ns):           5.734
  Operating Conditions: fast_hv_lt

Path 46
  From: PF_DDR4_SS_0/DDRPHY_BLK_0/IOD_TRAINING_0/COREDDR_TIP_INT_U/u_register_bank/pipelined_generate_block.IOG_DQ_TXDATA_OUT[31]:CLK
  To:   PF_DDR4_SS_0/DDRPHY_BLK_0/IOD_TRAINING_0/COREDDR_TIP_INT_U/TIP_CTRL_BLK/PHY_SIG_MOD/iog_dq_txdata_in_reg[31]:D
  Delay (ns):              0.150
  Slack (ns):              0.074
  Arrival (ns):            5.822
  Required (ns):           5.748
  Operating Conditions: fast_hv_lt

Path 47
  From: PF_DDR4_SS_0/DDRPHY_BLK_0/IOD_TRAINING_0/COREDDR_TIP_INT_U/TIP_CTRL_BLK/PHY_SIG_MOD/iog_dq_txdata_in_reg[87]:CLK
  To:   PF_DDR4_SS_0/DDRPHY_BLK_0/IOD_TRAINING_0/COREDDR_TIP_INT_U/TIP_CTRL_BLK/PHY_SIG_MOD/iog_dq_txdata_in_reg_2[87]:D
  Delay (ns):              0.151
  Slack (ns):              0.074
  Arrival (ns):            5.791
  Required (ns):           5.717
  Operating Conditions: fast_hv_lt

Path 48
  From: CoreDMA_IO_CTRL_0/UART_SD_0/cmd_ctrlr_0/dma_size_4k[3]:CLK
  To:   CoreDMA_IO_CTRL_0/UART_SD_0/cmd_ctrlr_0/coredma_size_o[15]:D
  Delay (ns):              0.151
  Slack (ns):              0.074
  Arrival (ns):            5.791
  Required (ns):           5.717
  Operating Conditions: fast_hv_lt

Path 49
  From: AXI4_Interconnect_0/AXI4_Interconnect_0/axicb/cb.arcon/trgmx/slaveAADDR[17]:CLK
  To:   AXI4_Interconnect_0/AXI4_Interconnect_0/SlvConvertor_loop[0].slvcnv/rgsl/genblk2.arrs/sDat[48]:D
  Delay (ns):              0.239
  Slack (ns):              0.074
  Arrival (ns):            5.902
  Required (ns):           5.828
  Operating Conditions: fast_hv_lt

Path 50
  From: AXI4_Interconnect_0/AXI4_Interconnect_0/SlvConvertor_loop[4].slvcnv/rgsl/genblk2.arrs/sDat[53]:CLK
  To:   PF_DDR4_SS_0/MSC_i_0/MSC_i_1/MSC_i_8/MSC_i_12/araddr_r1[22]:D
  Delay (ns):              0.150
  Slack (ns):              0.074
  Arrival (ns):            5.814
  Required (ns):           5.740
  Operating Conditions: fast_hv_lt

Path 51
  From: PF_DDR4_SS_0/MSC_i_0/MSC_i_1/MSC_i_8/MSC_i_272/dfi_bank_r2[3]:CLK
  To:   PF_DDR4_SS_0/DDRPHY_BLK_0/IOD_TRAINING_0/COREDDR_TIP_INT_U/u_register_bank/pipelined_generate_block.DFI_BG_P0_OUT[1]:D
  Delay (ns):              0.151
  Slack (ns):              0.075
  Arrival (ns):            5.812
  Required (ns):           5.737
  Operating Conditions: fast_hv_lt

Path 52
  From: PF_DDR4_SS_0/MSC_i_0/MSC_i_1/MSC_i_8/MSC_i_272/dfi_address_r2[10]:CLK
  To:   PF_DDR4_SS_0/DDRPHY_BLK_0/IOD_TRAINING_0/COREDDR_TIP_INT_U/u_register_bank/pipelined_generate_block.DFI_ADDRESS_P0_OUT[10]:D
  Delay (ns):              0.152
  Slack (ns):              0.075
  Arrival (ns):            5.817
  Required (ns):           5.742
  Operating Conditions: fast_hv_lt

Path 53
  From: PF_DDR4_SS_0/MSC_i_0/MSC_i_1/MSC_i_8/MSC_i_233/MSC_i_234/MSC_i_250/data_shifter_gen[16].data_shifter[16][0]:CLK
  To:   PF_DDR4_SS_0/MSC_i_0/MSC_i_1/MSC_i_8/MSC_i_233/MSC_i_234/MSC_i_250/data_shifter_gen[15].data_shifter[15][0]:D
  Delay (ns):              0.152
  Slack (ns):              0.075
  Arrival (ns):            5.840
  Required (ns):           5.765
  Operating Conditions: fast_hv_lt

Path 54
  From: PF_DDR4_SS_0/MSC_i_0/MSC_i_1/MSC_i_8/MSC_i_12/MSC_i_55/MSC_i_56/MSC_i_58/MSC_i_60/MSC_i_62/s0:CLK
  To:   PF_DDR4_SS_0/MSC_i_0/MSC_i_1/MSC_i_8/MSC_i_12/MSC_i_55/MSC_i_56/MSC_i_58/MSC_i_60/MSC_i_62/s1:D
  Delay (ns):              0.152
  Slack (ns):              0.075
  Arrival (ns):            5.811
  Required (ns):           5.736
  Operating Conditions: fast_hv_lt

Path 55
  From: PCIe_EP_0/PCIex4_0/pcie_apblink_master_inst/lnk_m_cs[14]:CLK
  To:   PCIe_EP_0/PCIex4_0/pcie_apblink_master_inst/lnk_m_cs[15]:D
  Delay (ns):              0.151
  Slack (ns):              0.075
  Arrival (ns):            2.013
  Required (ns):           1.938
  Operating Conditions: fast_hv_lt

Path 56
  From: CoreDMA_IO_CTRL_0/UART_SD_0/cmd_ctrlr_0/mem_address_o[5]:CLK
  To:   CoreDMA_IO_CTRL_0/UART_SD_0/pattern_gen_checker_0/awaddr_o[5]:D
  Delay (ns):              0.151
  Slack (ns):              0.075
  Arrival (ns):            5.805
  Required (ns):           5.730
  Operating Conditions: fast_hv_lt

Path 57
  From: CORERESET_PF_C0_0/CORERESET_PF_C0_0/dff_13:CLK
  To:   CORERESET_PF_C0_0/CORERESET_PF_C0_0/dff_14:D
  Delay (ns):              0.152
  Slack (ns):              0.075
  Arrival (ns):            3.468
  Required (ns):           3.393
  Operating Conditions: fast_hv_lt

Path 58
  From: AXI4_Interconnect_0/AXI4_Interconnect_0/SlvConvertor_loop[1].slvcnv/rgsl/genblk1.awrs/sDat[41]:CLK
  To:   CoreDMA_IO_CTRL_0/axi_io_ctrl_0/waddr_int[7]:D
  Delay (ns):              0.152
  Slack (ns):              0.075
  Arrival (ns):            5.811
  Required (ns):           5.736
  Operating Conditions: fast_hv_lt

Path 59
  From: PF_DDR4_SS_0/MSC_i_0/MSC_i_1/MSC_i_8/MSC_i_272/dfi_bank_r2[0]:CLK
  To:   PF_DDR4_SS_0/DDRPHY_BLK_0/IOD_TRAINING_0/COREDDR_TIP_INT_U/u_register_bank/pipelined_generate_block.DFI_BANK_P0_OUT[0]:D
  Delay (ns):              0.153
  Slack (ns):              0.076
  Arrival (ns):            5.813
  Required (ns):           5.737
  Operating Conditions: fast_hv_lt

Path 60
  From: PF_DDR4_SS_0/MSC_i_0/MSC_i_1/MSC_i_8/MSC_i_233/MSC_i_234/MSC_i_250/data_shifter_gen[12].data_shifter[12][0]:CLK
  To:   PF_DDR4_SS_0/MSC_i_0/MSC_i_1/MSC_i_8/MSC_i_233/MSC_i_234/MSC_i_250/data_shifter_gen[11].data_shifter[11][0]:D
  Delay (ns):              0.153
  Slack (ns):              0.076
  Arrival (ns):            5.840
  Required (ns):           5.764
  Operating Conditions: fast_hv_lt

Path 61
  From: PF_DDR4_SS_0/MSC_i_0/MSC_i_1/MSC_i_8/MSC_i_233/MSC_i_234/MSC_i_249/lat_n0.resettable.data_shifter_2_[33]:CLK
  To:   PF_DDR4_SS_0/MSC_i_0/MSC_i_1/MSC_i_8/MSC_i_272/dfi_odt_p1_r1[0]:D
  Delay (ns):              0.151
  Slack (ns):              0.076
  Arrival (ns):            5.812
  Required (ns):           5.736
  Operating Conditions: fast_hv_lt

Path 62
  From: PF_DDR4_SS_0/MSC_i_0/MSC_i_1/MSC_i_8/MSC_i_233/MSC_i_234/MSC_i_249/lat_n0.resettable.data_shifter_1_[1]:CLK
  To:   PF_DDR4_SS_0/MSC_i_0/MSC_i_1/MSC_i_8/MSC_i_233/MSC_i_234/MSC_i_249/lat_n0.resettable.data_shifter_2_[1]:D
  Delay (ns):              0.151
  Slack (ns):              0.076
  Arrival (ns):            5.812
  Required (ns):           5.736
  Operating Conditions: fast_hv_lt

Path 63
  From: PF_DDR4_SS_0/MSC_i_0/MSC_i_1/MSC_i_8/MSC_i_233/MSC_i_234/MSC_i_249/lat_n0.resettable.data_shifter_0_[107]:CLK
  To:   PF_DDR4_SS_0/MSC_i_0/MSC_i_1/MSC_i_8/MSC_i_233/MSC_i_234/MSC_i_249/lat_n0.resettable.data_shifter_1_[107]:D
  Delay (ns):              0.151
  Slack (ns):              0.076
  Arrival (ns):            5.816
  Required (ns):           5.740
  Operating Conditions: fast_hv_lt

Path 64
  From: PF_DDR4_SS_0/MSC_i_0/MSC_i_1/MSC_i_8/MSC_i_233/MSC_i_234/MSC_i_242/lat_n0.resettable.data_shifter_0_[3]:CLK
  To:   PF_DDR4_SS_0/MSC_i_0/MSC_i_1/MSC_i_8/MSC_i_233/MSC_i_234/MSC_i_242/lat_n0.resettable.data_shifter_1_[3]:D
  Delay (ns):              0.153
  Slack (ns):              0.076
  Arrival (ns):            5.818
  Required (ns):           5.742
  Operating Conditions: fast_hv_lt

Path 65
  From: PF_DDR4_SS_0/MSC_i_0/MSC_i_1/MSC_i_8/MSC_i_151/gen_fr4.DFI_WRDATA_ALIGN_eq_0.dfi_wrdata_p3_po_r1[3]:CLK
  To:   PF_DDR4_SS_0/MSC_i_0/MSC_i_1/MSC_i_8/MSC_i_274/data_shifter_gen[1].data_shifter[1][43]:D
  Delay (ns):              0.152
  Slack (ns):              0.076
  Arrival (ns):            5.797
  Required (ns):           5.721
  Operating Conditions: fast_hv_lt

Path 66
  From: PF_DDR4_SS_0/MSC_i_0/MSC_i_1/MSC_i_8/MSC_i_151/gen_fr4.DFI_WRDATA_ALIGN_eq_0.dfi_wrdata_p2_po_r1[12]:CLK
  To:   PF_DDR4_SS_0/MSC_i_0/MSC_i_1/MSC_i_8/MSC_i_274/data_shifter_gen[1].data_shifter[1][84]:D
  Delay (ns):              0.152
  Slack (ns):              0.076
  Arrival (ns):            5.796
  Required (ns):           5.720
  Operating Conditions: fast_hv_lt

Path 67
  From: PF_DDR4_SS_0/MSC_i_0/MSC_i_1/MSC_i_8/MSC_i_12/wr_data_packed[66]:CLK
  To:   PF_DDR4_SS_0/MSC_i_0/MSC_i_1/MSC_i_8/MSC_i_12/wr_data_fifo_wr_data[66]:D
  Delay (ns):              0.153
  Slack (ns):              0.076
  Arrival (ns):            5.807
  Required (ns):           5.731
  Operating Conditions: fast_hv_lt

Path 68
  From: PF_DDR4_SS_0/MSC_i_0/MSC_i_1/MSC_i_8/MSC_i_12/cmd_fifo_wr_data_reg2[8]:CLK
  To:   PF_DDR4_SS_0/MSC_i_0/MSC_i_1/MSC_i_8/MSC_i_12/cmd_fifo_wr_data_reg3[8]:D
  Delay (ns):              0.153
  Slack (ns):              0.076
  Arrival (ns):            5.813
  Required (ns):           5.737
  Operating Conditions: fast_hv_lt

Path 69
  From: PF_DDR4_SS_0/DDRPHY_BLK_0/IOD_TRAINING_0/COREDDR_TIP_INT_U/u_register_bank/pipelined_generate_block.IOG_DQ_TXDATA_OUT[38]:CLK
  To:   PF_DDR4_SS_0/DDRPHY_BLK_0/IOD_TRAINING_0/COREDDR_TIP_INT_U/TIP_CTRL_BLK/PHY_SIG_MOD/iog_dq_txdata_in_reg[38]:D
  Delay (ns):              0.153
  Slack (ns):              0.076
  Arrival (ns):            5.822
  Required (ns):           5.746
  Operating Conditions: fast_hv_lt

Path 70
  From: PCIe_EP_0/PCIex4_0/pcie_apblink_master_inst/prdata[25]:CLK
  To:   PCIe_EP_0/PCIex4_0/pcie_apblink_master_inst/prdata[24]:D
  Delay (ns):              0.153
  Slack (ns):              0.076
  Arrival (ns):            2.009
  Required (ns):           1.933
  Operating Conditions: fast_hv_lt

Path 71
  From: CoreDMA_IO_CTRL_0/axi_io_ctrl_0/rdata_o[40]:CLK
  To:   AXI4_Interconnect_0/AXI4_Interconnect_0/SlvConvertor_loop[1].slvcnv/rgsl/genblk3.rrs/holdDat[44]:D
  Delay (ns):              0.152
  Slack (ns):              0.076
  Arrival (ns):            5.814
  Required (ns):           5.738
  Operating Conditions: fast_hv_lt

Path 72
  From: CoreDMA_IO_CTRL_0/UART_SD_0/cmd_ctrlr_0/dma_size_4k[1]:CLK
  To:   CoreDMA_IO_CTRL_0/UART_SD_0/cmd_ctrlr_0/coredma_size_o[13]:D
  Delay (ns):              0.153
  Slack (ns):              0.076
  Arrival (ns):            5.794
  Required (ns):           5.718
  Operating Conditions: fast_hv_lt

Path 73
  From: AXI4_Interconnect_0/AXI4_Interconnect_0/SlvConvertor_loop[0].slvcnv/rgsl/genblk2.arrs/holdDat[53]:CLK
  To:   AXI4_Interconnect_0/AXI4_Interconnect_0/SlvConvertor_loop[0].slvcnv/rgsl/genblk2.arrs/sDat[53]:D
  Delay (ns):              0.241
  Slack (ns):              0.076
  Arrival (ns):            5.904
  Required (ns):           5.828
  Operating Conditions: fast_hv_lt

Path 74
  From: PF_DDR4_SS_0/MSC_i_0/MSC_i_1/MSC_i_8/MSC_i_272/dfi_ras_n_r1:CLK
  To:   PF_DDR4_SS_0/DDRPHY_BLK_0/IOD_TRAINING_0/COREDDR_TIP_INT_U/u_register_bank/pipelined_generate_block.DFI_RAS_N_P2_OUT:D
  Delay (ns):              0.153
  Slack (ns):              0.077
  Arrival (ns):            5.814
  Required (ns):           5.737
  Operating Conditions: fast_hv_lt

Path 75
  From: PF_DDR4_SS_0/MSC_i_0/MSC_i_1/MSC_i_8/MSC_i_272/dfi_address_r1[7]:CLK
  To:   PF_DDR4_SS_0/DDRPHY_BLK_0/IOD_TRAINING_0/COREDDR_TIP_INT_U/u_register_bank/pipelined_generate_block.DFI_ADDRESS_P1_OUT[7]:D
  Delay (ns):              0.153
  Slack (ns):              0.077
  Arrival (ns):            5.821
  Required (ns):           5.744
  Operating Conditions: fast_hv_lt

Path 76
  From: PF_DDR4_SS_0/MSC_i_0/MSC_i_1/MSC_i_8/MSC_i_272/dfi_address_r1[4]:CLK
  To:   PF_DDR4_SS_0/DDRPHY_BLK_0/IOD_TRAINING_0/COREDDR_TIP_INT_U/u_register_bank/pipelined_generate_block.DFI_ADDRESS_P3_OUT[4]:D
  Delay (ns):              0.153
  Slack (ns):              0.077
  Arrival (ns):            5.820
  Required (ns):           5.743
  Operating Conditions: fast_hv_lt

Path 77
  From: PF_DDR4_SS_0/MSC_i_0/MSC_i_1/MSC_i_8/MSC_i_272/dfi_address_r1[1]:CLK
  To:   PF_DDR4_SS_0/DDRPHY_BLK_0/IOD_TRAINING_0/COREDDR_TIP_INT_U/u_register_bank/pipelined_generate_block.DFI_ADDRESS_P3_OUT[1]:D
  Delay (ns):              0.153
  Slack (ns):              0.077
  Arrival (ns):            5.820
  Required (ns):           5.743
  Operating Conditions: fast_hv_lt

Path 78
  From: PF_DDR4_SS_0/MSC_i_0/MSC_i_1/MSC_i_8/MSC_i_272/dfi_address_r1[12]:CLK
  To:   PF_DDR4_SS_0/DDRPHY_BLK_0/IOD_TRAINING_0/COREDDR_TIP_INT_U/u_register_bank/pipelined_generate_block.DFI_ADDRESS_P1_OUT[12]:D
  Delay (ns):              0.153
  Slack (ns):              0.077
  Arrival (ns):            5.816
  Required (ns):           5.739
  Operating Conditions: fast_hv_lt

Path 79
  From: PF_DDR4_SS_0/MSC_i_0/MSC_i_1/MSC_i_8/MSC_i_233/MSC_i_234/MSC_i_254/data_shifter_gen[37].data_shifter[37][0]:CLK
  To:   PF_DDR4_SS_0/MSC_i_0/MSC_i_1/MSC_i_8/MSC_i_233/MSC_i_234/MSC_i_254/data_shifter_gen[36].data_shifter[36][0]:D
  Delay (ns):              0.153
  Slack (ns):              0.077
  Arrival (ns):            5.824
  Required (ns):           5.747
  Operating Conditions: fast_hv_lt

Path 80
  From: PF_DDR4_SS_0/MSC_i_0/MSC_i_1/MSC_i_8/MSC_i_151/gen_fr4.DFI_WRDATA_ALIGN_eq_0.dfi_wrdata_p3_po_r1[26]:CLK
  To:   PF_DDR4_SS_0/MSC_i_0/MSC_i_1/MSC_i_8/MSC_i_274/data_shifter_gen[1].data_shifter[1][66]:D
  Delay (ns):              0.151
  Slack (ns):              0.077
  Arrival (ns):            5.791
  Required (ns):           5.714
  Operating Conditions: fast_hv_lt

Path 81
  From: PF_DDR4_SS_0/MSC_i_0/MSC_i_1/MSC_i_8/MSC_i_12/wr_data_packed[86]:CLK
  To:   PF_DDR4_SS_0/MSC_i_0/MSC_i_1/MSC_i_8/MSC_i_12/wr_data_fifo_wr_data[86]:D
  Delay (ns):              0.153
  Slack (ns):              0.077
  Arrival (ns):            5.811
  Required (ns):           5.734
  Operating Conditions: fast_hv_lt

Path 82
  From: PF_DDR4_SS_0/MSC_i_0/MSC_i_1/MSC_i_8/MSC_i_12/MSC_i_77/MSC_i_78/MSC_i_80/din_gray_r[0]:CLK
  To:   PF_DDR4_SS_0/MSC_i_0/MSC_i_1/MSC_i_8/MSC_i_12/MSC_i_77/MSC_i_78/MSC_i_80/MSC_i_82/MSC_i_93/s0:D
  Delay (ns):              0.145
  Slack (ns):              0.077
  Arrival (ns):            5.815
  Required (ns):           5.738
  Operating Conditions: fast_hv_lt

Path 83
  From: PF_DDR4_SS_0/MSC_i_0/MSC_i_1/MSC_i_8/MSC_i_12/MSC_i_25/MSC_i_26/MSC_i_28/din_gray_r[0]:CLK
  To:   PF_DDR4_SS_0/MSC_i_0/MSC_i_1/MSC_i_8/MSC_i_12/MSC_i_25/MSC_i_26/MSC_i_28/MSC_i_30/MSC_i_40/s0:D
  Delay (ns):              0.151
  Slack (ns):              0.077
  Arrival (ns):            5.824
  Required (ns):           5.747
  Operating Conditions: fast_hv_lt

Path 84
  From: PF_DDR4_SS_0/DDRPHY_BLK_0/IOD_TRAINING_0/COREDDR_TIP_INT_U/u_register_bank/pipelined_generate_block.IOG_DQ_TXDATA_OUT[92]:CLK
  To:   PF_DDR4_SS_0/DDRPHY_BLK_0/IOD_TRAINING_0/COREDDR_TIP_INT_U/TIP_CTRL_BLK/PHY_SIG_MOD/iog_dq_txdata_in_reg[92]:D
  Delay (ns):              0.153
  Slack (ns):              0.077
  Arrival (ns):            5.793
  Required (ns):           5.716
  Operating Conditions: fast_hv_lt

Path 85
  From: PF_DDR4_SS_0/DDRPHY_BLK_0/IOD_TRAINING_0/COREDDR_TIP_INT_U/u_register_bank/pipelined_generate_block.IOG_DM_TXDATA_OUT[3]:CLK
  To:   PF_DDR4_SS_0/DDRPHY_BLK_0/IOD_TRAINING_0/COREDDR_TIP_INT_U/TIP_CTRL_BLK/PHY_SIG_MOD/iog_dm_txdata_in_reg[3]:D
  Delay (ns):              0.153
  Slack (ns):              0.077
  Arrival (ns):            5.813
  Required (ns):           5.736
  Operating Conditions: fast_hv_lt

Path 86
  From: PF_DDR4_SS_0/DDRPHY_BLK_0/IOD_TRAINING_0/COREDDR_TIP_INT_U/TIP_CTRL_BLK/LEVELLING/IOG_IF/move_int[4]:CLK
  To:   PF_DDR4_SS_0/DDRPHY_BLK_0/IOD_TRAINING_0/COREDDR_TIP_INT_U/MOVE[4]:D
  Delay (ns):              0.151
  Slack (ns):              0.077
  Arrival (ns):            5.782
  Required (ns):           5.705
  Operating Conditions: fast_hv_lt

Path 87
  From: PCIe_EP_0/PCIex4_0/pcie_apblink_master_inst/lnk_m_cs[16]:CLK
  To:   PCIe_EP_0/PCIex4_0/pcie_apblink_master_inst/lnk_m_cs[17]:D
  Delay (ns):              0.153
  Slack (ns):              0.077
  Arrival (ns):            2.015
  Required (ns):           1.938
  Operating Conditions: fast_hv_lt

Path 88
  From: AXI4_Interconnect_0/AXI4_Interconnect_0/SlvConvertor_loop[0].slvcnv/slvCDC/genblk1.cdc_RChan/wrGrayCounterP1/cntBinary[2]:CLK
  To:   AXI4_Interconnect_0/AXI4_Interconnect_0/SlvConvertor_loop[0].slvcnv/slvCDC/genblk1.cdc_RChan/wrGrayCounterP1/cntGray[2]:D
  Delay (ns):              0.199
  Slack (ns):              0.077
  Arrival (ns):            2.066
  Required (ns):           1.989
  Operating Conditions: fast_hv_lt

Path 89
  From: AXI4_Interconnect_0/AXI4_Interconnect_0/SlvConvertor_loop[0].slvcnv/slvCDC/genblk1.cdc_BChan/wrPtr_s1[2]:CLK
  To:   AXI4_Interconnect_0/AXI4_Interconnect_0/SlvConvertor_loop[0].slvcnv/slvCDC/genblk1.cdc_BChan/wrPtr_s2[2]:D
  Delay (ns):              0.145
  Slack (ns):              0.077
  Arrival (ns):            5.819
  Required (ns):           5.742
  Operating Conditions: fast_hv_lt

Path 90
  From: PF_DDR4_SS_0/MSC_i_0/MSC_i_1/MSC_i_8/MSC_i_233/MSC_i_234/MSC_i_250/data_shifter_gen[14].data_shifter[14][1]:CLK
  To:   PF_DDR4_SS_0/MSC_i_0/MSC_i_1/MSC_i_8/MSC_i_233/MSC_i_234/MSC_i_250/data_shifter_gen[13].data_shifter[13][1]:D
  Delay (ns):              0.155
  Slack (ns):              0.078
  Arrival (ns):            5.821
  Required (ns):           5.743
  Operating Conditions: fast_hv_lt

Path 91
  From: PF_DDR4_SS_0/MSC_i_0/MSC_i_1/MSC_i_8/MSC_i_151/gen_fr4.DFI_WRDATA_ALIGN_eq_0.dfi_rddata_en_p3_po_r1[0]:CLK
  To:   PF_DDR4_SS_0/MSC_i_0/MSC_i_1/MSC_i_8/MSC_i_151/gen_fr4.DFI_WRDATA_ALIGN_eq_0.dfi_rddata_en_p3_po_r2[0]:D
  Delay (ns):              0.152
  Slack (ns):              0.078
  Arrival (ns):            5.820
  Required (ns):           5.742
  Operating Conditions: fast_hv_lt

Path 92
  From: PF_DDR4_SS_0/MSC_i_0/MSC_i_1/MSC_i_8/MSC_i_12/wr_data_packed[47]:CLK
  To:   PF_DDR4_SS_0/MSC_i_0/MSC_i_1/MSC_i_8/MSC_i_12/wr_data_fifo_wr_data[47]:D
  Delay (ns):              0.152
  Slack (ns):              0.078
  Arrival (ns):            5.806
  Required (ns):           5.728
  Operating Conditions: fast_hv_lt

Path 93
  From: PF_DDR4_SS_0/MSC_i_0/MSC_i_1/MSC_i_8/MSC_i_12/wr_data_packed[121]:CLK
  To:   PF_DDR4_SS_0/MSC_i_0/MSC_i_1/MSC_i_8/MSC_i_12/wr_data_fifo_wr_data[121]:D
  Delay (ns):              0.145
  Slack (ns):              0.078
  Arrival (ns):            5.802
  Required (ns):           5.724
  Operating Conditions: fast_hv_lt

Path 94
  From: PF_DDR4_SS_0/MSC_i_0/MSC_i_1/MSC_i_8/MSC_i_12/wr_data_packed[116]:CLK
  To:   PF_DDR4_SS_0/MSC_i_0/MSC_i_1/MSC_i_8/MSC_i_12/wr_data_fifo_wr_data[116]:D
  Delay (ns):              0.152
  Slack (ns):              0.078
  Arrival (ns):            5.813
  Required (ns):           5.735
  Operating Conditions: fast_hv_lt

Path 95
  From: PF_DDR4_SS_0/MSC_i_0/MSC_i_1/MSC_i_8/MSC_i_12/awaddr_r1[16]:CLK
  To:   PF_DDR4_SS_0/MSC_i_0/MSC_i_1/MSC_i_8/MSC_i_12/wr_cmd_wr_data[16]:D
  Delay (ns):              0.152
  Slack (ns):              0.078
  Arrival (ns):            5.829
  Required (ns):           5.751
  Operating Conditions: fast_hv_lt

Path 96
  From: PF_DDR4_SS_0/MSC_i_0/MSC_i_1/MSC_i_8/MSC_i_12/araddr_r1[9]:CLK
  To:   PF_DDR4_SS_0/MSC_i_0/MSC_i_1/MSC_i_8/MSC_i_12/rd_cmd_wr_data[9]:D
  Delay (ns):              0.152
  Slack (ns):              0.078
  Arrival (ns):            5.822
  Required (ns):           5.744
  Operating Conditions: fast_hv_lt

Path 97
  From: PF_DDR4_SS_0/MSC_i_0/MSC_i_1/MSC_i_8/MSC_i_12/MSC_i_77/MSC_i_78/MSC_i_94/din_gray_r[3]:CLK
  To:   PF_DDR4_SS_0/MSC_i_0/MSC_i_1/MSC_i_8/MSC_i_12/MSC_i_77/MSC_i_78/MSC_i_94/MSC_i_96/MSC_i_105/s0:D
  Delay (ns):              0.152
  Slack (ns):              0.078
  Arrival (ns):            5.823
  Required (ns):           5.745
  Operating Conditions: fast_hv_lt

Path 98
  From: PF_DDR4_SS_0/MSC_i_0/MSC_i_1/MSC_i_8/MSC_i_12/MSC_i_25/MSC_i_26/MSC_i_41/din_gray_r[7]:CLK
  To:   PF_DDR4_SS_0/MSC_i_0/MSC_i_1/MSC_i_8/MSC_i_12/MSC_i_25/MSC_i_26/MSC_i_41/MSC_i_43/MSC_i_45/s0:D
  Delay (ns):              0.155
  Slack (ns):              0.078
  Arrival (ns):            5.834
  Required (ns):           5.756
  Operating Conditions: fast_hv_lt

Path 99
  From: PF_DDR4_SS_0/DDRPHY_BLK_0/IOD_TRAINING_0/COREDDR_TIP_INT_U/u_register_bank/pipelined_generate_block.IOG_DM_TXDATA_OUT[7]:CLK
  To:   PF_DDR4_SS_0/DDRPHY_BLK_0/IOD_TRAINING_0/COREDDR_TIP_INT_U/TIP_CTRL_BLK/PHY_SIG_MOD/iog_dm_txdata_in_reg[7]:D
  Delay (ns):              0.155
  Slack (ns):              0.078
  Arrival (ns):            5.814
  Required (ns):           5.736
  Operating Conditions: fast_hv_lt

Path 100
  From: AXI4_Interconnect_0/AXI4_Interconnect_0/SlvConvertor_loop[4].slvcnv/rgsl/genblk2.arrs/sDat[49]:CLK
  To:   PF_DDR4_SS_0/MSC_i_0/MSC_i_1/MSC_i_8/MSC_i_12/araddr_r1[18]:D
  Delay (ns):              0.152
  Slack (ns):              0.078
  Arrival (ns):            5.811
  Required (ns):           5.733
  Operating Conditions: fast_hv_lt

